Archive member included because of file (symbol)

C:\CodeSourcery\Sourcery G++ Lite/arm-none-eabi/lib/thumb2\libc.a(lib_a-vsprintf.o)
                              uart.o (vsprintf)
C:\CodeSourcery\Sourcery G++ Lite/arm-none-eabi/lib/thumb2\libc.a(lib_a-impure.o)
                              C:\CodeSourcery\Sourcery G++ Lite/arm-none-eabi/lib/thumb2\libc.a(lib_a-vsprintf.o) (_impure_ptr)
C:\CodeSourcery\Sourcery G++ Lite/arm-none-eabi/lib/thumb2\libc.a(lib_a-svfprintf.o)
                              C:\CodeSourcery\Sourcery G++ Lite/arm-none-eabi/lib/thumb2\libc.a(lib_a-vsprintf.o) (_svfprintf_r)
C:\CodeSourcery\Sourcery G++ Lite/arm-none-eabi/lib/thumb2\libc.a(lib_a-dtoa.o)
                              C:\CodeSourcery\Sourcery G++ Lite/arm-none-eabi/lib/thumb2\libc.a(lib_a-svfprintf.o) (_dtoa_r)
C:\CodeSourcery\Sourcery G++ Lite/arm-none-eabi/lib/thumb2\libc.a(lib_a-locale.o)
                              C:\CodeSourcery\Sourcery G++ Lite/arm-none-eabi/lib/thumb2\libc.a(lib_a-svfprintf.o) (_localeconv_r)
C:\CodeSourcery\Sourcery G++ Lite/arm-none-eabi/lib/thumb2\libc.a(lib_a-malloc.o)
                              C:\CodeSourcery\Sourcery G++ Lite/arm-none-eabi/lib/thumb2\libc.a(lib_a-dtoa.o) (malloc)
C:\CodeSourcery\Sourcery G++ Lite/arm-none-eabi/lib/thumb2\libc.a(lib_a-mallocr.o)
                              C:\CodeSourcery\Sourcery G++ Lite/arm-none-eabi/lib/thumb2\libc.a(lib_a-svfprintf.o) (_malloc_r)
C:\CodeSourcery\Sourcery G++ Lite/arm-none-eabi/lib/thumb2\libc.a(lib_a-memchr-stub.o)
                              C:\CodeSourcery\Sourcery G++ Lite/arm-none-eabi/lib/thumb2\libc.a(lib_a-svfprintf.o) (memchr)
C:\CodeSourcery\Sourcery G++ Lite/arm-none-eabi/lib/thumb2\libc.a(lib_a-memcpy-stub.o)
                              C:\CodeSourcery\Sourcery G++ Lite/arm-none-eabi/lib/thumb2\libc.a(lib_a-dtoa.o) (memcpy)
C:\CodeSourcery\Sourcery G++ Lite/arm-none-eabi/lib/thumb2\libc.a(lib_a-mlock.o)
                              C:\CodeSourcery\Sourcery G++ Lite/arm-none-eabi/lib/thumb2\libc.a(lib_a-mallocr.o) (__malloc_lock)
C:\CodeSourcery\Sourcery G++ Lite/arm-none-eabi/lib/thumb2\libc.a(lib_a-mprec.o)
                              C:\CodeSourcery\Sourcery G++ Lite/arm-none-eabi/lib/thumb2\libc.a(lib_a-dtoa.o) (_Balloc)
C:\CodeSourcery\Sourcery G++ Lite/arm-none-eabi/lib/thumb2\libc.a(lib_a-s_fpclassify.o)
                              C:\CodeSourcery\Sourcery G++ Lite/arm-none-eabi/lib/thumb2\libc.a(lib_a-svfprintf.o) (__fpclassifyd)
C:\CodeSourcery\Sourcery G++ Lite/arm-none-eabi/lib/thumb2\libc.a(lib_a-sbrkr.o)
                              C:\CodeSourcery\Sourcery G++ Lite/arm-none-eabi/lib/thumb2\libc.a(lib_a-mallocr.o) (_sbrk_r)
C:\CodeSourcery\Sourcery G++ Lite/arm-none-eabi/lib/thumb2\libc.a(lib_a-strcmp.o)
                              C:\CodeSourcery\Sourcery G++ Lite/arm-none-eabi/lib/thumb2\libc.a(lib_a-locale.o) (strcmp)
C:\CodeSourcery\Sourcery G++ Lite/arm-none-eabi/lib/thumb2\libc.a(lib_a-strlen.o)
                              C:\CodeSourcery\Sourcery G++ Lite/arm-none-eabi/lib/thumb2\libc.a(lib_a-svfprintf.o) (strlen)
C:\CodeSourcery\Sourcery G++ Lite/arm-none-eabi/lib/thumb2\libc.a(lib_a-svfiprintf.o)
                              C:\CodeSourcery\Sourcery G++ Lite/arm-none-eabi/lib/thumb2\libc.a(lib_a-svfprintf.o) (__ssprint_r)
C:\CodeSourcery\Sourcery G++ Lite/arm-none-eabi/lib/thumb2\libc.a(lib_a-callocr.o)
                              C:\CodeSourcery\Sourcery G++ Lite/arm-none-eabi/lib/thumb2\libc.a(lib_a-mprec.o) (_calloc_r)
C:\CodeSourcery\Sourcery G++ Lite/arm-none-eabi/lib/thumb2\libc.a(lib_a-freer.o)
                              C:\CodeSourcery\Sourcery G++ Lite/arm-none-eabi/lib/thumb2\libc.a(lib_a-malloc.o) (_free_r)
C:\CodeSourcery\Sourcery G++ Lite/arm-none-eabi/lib/thumb2\libc.a(lib_a-memmove.o)
                              C:\CodeSourcery\Sourcery G++ Lite/arm-none-eabi/lib/thumb2\libc.a(lib_a-svfiprintf.o) (memmove)
C:\CodeSourcery\Sourcery G++ Lite/arm-none-eabi/lib/thumb2\libc.a(lib_a-memset.o)
                              C:\CodeSourcery\Sourcery G++ Lite/arm-none-eabi/lib/thumb2\libc.a(lib_a-callocr.o) (memset)
C:\CodeSourcery\Sourcery G++ Lite/arm-none-eabi/lib/thumb2\libc.a(lib_a-reallocr.o)
                              C:\CodeSourcery\Sourcery G++ Lite/arm-none-eabi/lib/thumb2\libc.a(lib_a-svfiprintf.o) (_realloc_r)
C:\CodeSourcery\Sourcery G++ Lite/arm-none-eabi/lib/thumb2\libc.a(lib_a-reent.o)
                              C:\CodeSourcery\Sourcery G++ Lite/arm-none-eabi/lib/thumb2\libc.a(lib_a-sbrkr.o) (errno)
C:\CodeSourcery\Sourcery G++ Lite/lib/gcc/arm-none-eabi/4.8.1/thumb2\libgcc.a(_udivsi3.o)
                              C:\CodeSourcery\Sourcery G++ Lite/arm-none-eabi/lib/thumb2\libc.a(lib_a-dtoa.o) (__aeabi_uidiv)
C:\CodeSourcery\Sourcery G++ Lite/lib/gcc/arm-none-eabi/4.8.1/thumb2\libgcc.a(_dvmd_tls.o)
                              C:\CodeSourcery\Sourcery G++ Lite/lib/gcc/arm-none-eabi/4.8.1/thumb2\libgcc.a(_udivsi3.o) (__aeabi_idiv0)
C:\CodeSourcery\Sourcery G++ Lite/lib/gcc/arm-none-eabi/4.8.1/thumb2\libgcc.a(_arm_addsubdf3.o)
                              uart.o (__aeabi_dsub)
C:\CodeSourcery\Sourcery G++ Lite/lib/gcc/arm-none-eabi/4.8.1/thumb2\libgcc.a(_arm_muldivdf3.o)
                              main.o (__aeabi_dmul)
C:\CodeSourcery\Sourcery G++ Lite/lib/gcc/arm-none-eabi/4.8.1/thumb2\libgcc.a(_arm_cmpdf2.o)
                              C:\CodeSourcery\Sourcery G++ Lite/arm-none-eabi/lib/thumb2\libc.a(lib_a-svfprintf.o) (__aeabi_dcmpeq)
C:\CodeSourcery\Sourcery G++ Lite/lib/gcc/arm-none-eabi/4.8.1/thumb2\libgcc.a(_arm_fixdfsi.o)
                              timer.o (__aeabi_d2iz)
C:\CodeSourcery\Sourcery G++ Lite/lib/gcc/arm-none-eabi/4.8.1/thumb2\libgcc.a(_arm_fixunsdfsi.o)
                              systick.o (__aeabi_d2uiz)
C:\CodeSourcery\Sourcery G++ Lite/lib/gcc/arm-none-eabi/4.8.1/thumb2\libgcc.a(_arm_truncdfsf2.o)
                              main.o (__aeabi_d2f)
C:\CodeSourcery\Sourcery G++ Lite/lib/gcc/arm-none-eabi/4.8.1/thumb2\libgcc.a(_arm_addsubsf3.o)
                              timer.o (__aeabi_i2f)
C:\CodeSourcery\Sourcery G++ Lite/lib/gcc/arm-none-eabi/4.8.1/thumb2\libgcc.a(_arm_muldivsf3.o)
                              timer.o (__aeabi_fmul)
C:\CodeSourcery\Sourcery G++ Lite/lib/gcc/arm-none-eabi/4.8.1/thumb2\libgcc.a(_arm_fixsfsi.o)
                              timer.o (__aeabi_f2iz)
C:\CodeSourcery\Sourcery G++ Lite/lib/gcc/arm-none-eabi/4.8.1/thumb2\libgcc.a(_aeabi_uldivmod.o)
                              C:\CodeSourcery\Sourcery G++ Lite/arm-none-eabi/lib/thumb2\libc.a(lib_a-svfprintf.o) (__aeabi_uldivmod)
C:\CodeSourcery\Sourcery G++ Lite/lib/gcc/arm-none-eabi/4.8.1/thumb2\libgcc.a(bpabi.o)
                              C:\CodeSourcery\Sourcery G++ Lite/lib/gcc/arm-none-eabi/4.8.1/thumb2\libgcc.a(_aeabi_uldivmod.o) (__gnu_uldivmod_helper)
C:\CodeSourcery\Sourcery G++ Lite/lib/gcc/arm-none-eabi/4.8.1/thumb2\libgcc.a(_divdi3.o)
                              C:\CodeSourcery\Sourcery G++ Lite/lib/gcc/arm-none-eabi/4.8.1/thumb2\libgcc.a(bpabi.o) (__divdi3)
C:\CodeSourcery\Sourcery G++ Lite/lib/gcc/arm-none-eabi/4.8.1/thumb2\libgcc.a(_udivdi3.o)
                              C:\CodeSourcery\Sourcery G++ Lite/lib/gcc/arm-none-eabi/4.8.1/thumb2\libgcc.a(bpabi.o) (__udivdi3)

Allocating common symbols
Common symbol       size              file

errno               0x4               C:\CodeSourcery\Sourcery G++ Lite/arm-none-eabi/lib/thumb2\libc.a(lib_a-reent.o)

Memory Configuration

Name             Origin             Length             Attributes
ROM              0x08003000         0x0001d000         xr
RAM              0x20000000         0x00005000         xrw
*default*        0x00000000         0xffffffff

Linker script and memory map

LOAD clock.o
LOAD core_cm3.o
LOAD key.o
LOAD led.o
LOAD main.o
LOAD runtime.o
LOAD systick.o
LOAD timer.o
LOAD uart.o
LOAD crt0.o
LOAD C:\CodeSourcery\Sourcery G++ Lite/arm-none-eabi/lib/thumb2\libm.a
LOAD C:\CodeSourcery\Sourcery G++ Lite/arm-none-eabi/lib/thumb2\libc.a
LOAD C:\CodeSourcery\Sourcery G++ Lite/lib/gcc/arm-none-eabi/4.8.1/thumb2\libgcc.a

.text           0x08003000     0x7138
                0x08003000                __RO_BASE__ = .
 crt0.o(.text)
 .text          0x08003000       0x48 crt0.o
                0x08003008                __start
 *(.text)
 .text          0x08003048       0x58 clock.o
                0x08003048                Clock_Init
 .text          0x080030a0       0xa4 core_cm3.o
                0x080030a0                __get_PSP
                0x080030a8                __set_PSP
                0x080030b0                __get_MSP
                0x080030b8                __set_MSP
                0x080030c0                __get_BASEPRI
                0x080030c8                __set_BASEPRI
                0x080030d0                __get_PRIMASK
                0x080030d8                __set_PRIMASK
                0x080030e0                __get_FAULTMASK
                0x080030e8                __set_FAULTMASK
                0x080030f0                __get_CONTROL
                0x080030f8                __set_CONTROL
                0x08003100                __REV
                0x08003104                __REV16
                0x08003108                __REVSH
                0x0800310c                __RBIT
                0x08003114                __LDREXB
                0x0800311c                __LDREXH
                0x08003124                __LDREXW
                0x0800312c                __STREXB
                0x08003134                __STREXH
                0x0800313c                __STREXW
 .text          0x08003144       0xb4 key.o
                0x08003144                Key_Poll_Init
                0x0800316c                Key_Get_Pressed
                0x08003198                Key_Wait_Key_Released
                0x080031c8                Key_Wait_Key_Pressed
 .text          0x080031f8       0x74 led.o
                0x080031f8                LED_Init
                0x08003228                LED_Display
                0x08003244                LED_All_On
                0x08003258                LED_All_Off
 *fill*         0x0800326c        0x4 
 .text          0x08003270      0x168 main.o
                0x08003270                cmd_process
                0x08003310                Main
 .text          0x080033d8       0x44 runtime.o
                0x080033d8                _sbrk
 *fill*         0x0800341c        0x4 
 .text          0x08003420       0x80 systick.o
                0x08003420                SysTick_Run
                0x08003468                SysTick_Check_Timeout
                0x08003478                SysTick_Get_Time
                0x08003484                SysTick_Get_Load_Time
                0x08003490                SysTick_Stop
 .text          0x080034a0      0x430 timer.o
                0x080034a0                TIM2_Stopwatch_Start
                0x080034e0                TIM2_Stopwatch_Stop
                0x08003508                TIM2_Delay
                0x080035ec                TIM4_Repeat
                0x08003650                TIM4_Check_Timeout
                0x08003670                TIM4_Stop
                0x08003694                TIM4_Change_Value
                0x080036ac                TIM3_Out_Init
                0x080036f4                TIM3_Out_Freq_Generation
                0x08003758                TIM3_Out_Stop
                0x0800377c                TIM2_Motor_Out_Init
                0x080037bc                TIM2_Motor_Out_Freq_Generation
                0x08003840                TIM2_Motor_Run
 .text          0x080038d0      0x1c8 uart.o
                0x080038d0                Uart1_Init
                0x08003988                Uart1_Send_Byte
                0x080039c4                Uart1_Send_String
                0x08003a08                Uart1_Printf
                0x08003a68                Uart1_Get_Pressed
                0x08003a80                Uart1_Get_Char
 .text          0x08003a98       0x50 C:\CodeSourcery\Sourcery G++ Lite/arm-none-eabi/lib/thumb2\libc.a(lib_a-vsprintf.o)
                0x08003a98                _vsprintf_r
                0x08003acc                vsprintf
 .text          0x08003ae8        0x0 C:\CodeSourcery\Sourcery G++ Lite/arm-none-eabi/lib/thumb2\libc.a(lib_a-impure.o)
 .text          0x08003ae8     0x14b4 C:\CodeSourcery\Sourcery G++ Lite/arm-none-eabi/lib/thumb2\libc.a(lib_a-svfprintf.o)
                0x08003ae8                _svfprintf_r
 *fill*         0x08004f9c        0x4 
 .text          0x08004fa0     0x10d8 C:\CodeSourcery\Sourcery G++ Lite/arm-none-eabi/lib/thumb2\libc.a(lib_a-dtoa.o)
                0x080050ec                _dtoa_r
 .text          0x08006078       0x9c C:\CodeSourcery\Sourcery G++ Lite/arm-none-eabi/lib/thumb2\libc.a(lib_a-locale.o)
                0x08006078                _setlocale_r
                0x080060cc                __locale_charset
                0x080060d8                __locale_mb_cur_max
                0x080060e4                __locale_msgcharset
                0x080060ec                __locale_cjk_lang
                0x080060f0                _localeconv_r
                0x080060f8                setlocale
                0x0800610c                localeconv
 .text          0x08006114       0x20 C:\CodeSourcery\Sourcery G++ Lite/arm-none-eabi/lib/thumb2\libc.a(lib_a-malloc.o)
                0x08006114                malloc
                0x08006124                free
 .text          0x08006134      0x570 C:\CodeSourcery\Sourcery G++ Lite/arm-none-eabi/lib/thumb2\libc.a(lib_a-mallocr.o)
                0x08006134                _malloc_r
 .text          0x080066a4       0x90 C:\CodeSourcery\Sourcery G++ Lite/arm-none-eabi/lib/thumb2\libc.a(lib_a-memchr-stub.o)
                0x080066a4                memchr
 .text          0x08006734       0xa8 C:\CodeSourcery\Sourcery G++ Lite/arm-none-eabi/lib/thumb2\libc.a(lib_a-memcpy-stub.o)
                0x08006734                memcpy
 .text          0x080067dc        0x8 C:\CodeSourcery\Sourcery G++ Lite/arm-none-eabi/lib/thumb2\libc.a(lib_a-mlock.o)
                0x080067dc                __malloc_lock
                0x080067e0                __malloc_unlock
 .text          0x080067e4      0x938 C:\CodeSourcery\Sourcery G++ Lite/arm-none-eabi/lib/thumb2\libc.a(lib_a-mprec.o)
                0x080067e4                _Balloc
                0x08006850                _Bfree
                0x08006888                __multadd
                0x08006914                __s2b
                0x080069ac                __hi0bits
                0x080069e8                __lo0bits
                0x08006a40                __i2b
                0x08006a54                __multiply
                0x08006b94                __pow5mult
                0x08006c4c                __lshift
                0x08006d04                __mcmp
                0x08006d48                __mdiff
                0x08006e34                __ulp
                0x08006e78                __b2d
                0x08006f24                __d2b
                0x08006fe0                __ratio
                0x08007040                _mprec_log10
                0x08007074                __copybits
                0x080070bc                __any_on
 .text          0x0800711c       0x50 C:\CodeSourcery\Sourcery G++ Lite/arm-none-eabi/lib/thumb2\libc.a(lib_a-s_fpclassify.o)
                0x0800711c                __fpclassifyd
 .text          0x0800716c       0x28 C:\CodeSourcery\Sourcery G++ Lite/arm-none-eabi/lib/thumb2\libc.a(lib_a-sbrkr.o)
                0x0800716c                _sbrk_r
 .text          0x08007194      0x23c C:\CodeSourcery\Sourcery G++ Lite/arm-none-eabi/lib/thumb2\libc.a(lib_a-strcmp.o)
                0x08007194                strcmp
 .text          0x080073d0       0x60 C:\CodeSourcery\Sourcery G++ Lite/arm-none-eabi/lib/thumb2\libc.a(lib_a-strlen.o)
                0x080073d0                strlen
 .text          0x08007430      0xbe0 C:\CodeSourcery\Sourcery G++ Lite/arm-none-eabi/lib/thumb2\libc.a(lib_a-svfiprintf.o)
                0x08007430                __ssprint_r
                0x08007534                _svfiprintf_r
 .text          0x08008010       0x64 C:\CodeSourcery\Sourcery G++ Lite/arm-none-eabi/lib/thumb2\libc.a(lib_a-callocr.o)
                0x08008010                _calloc_r
 .text          0x08008074      0x23c C:\CodeSourcery\Sourcery G++ Lite/arm-none-eabi/lib/thumb2\libc.a(lib_a-freer.o)
                0x08008074                _malloc_trim_r
                0x08008118                _free_r
 .text          0x080082b0       0xd0 C:\CodeSourcery\Sourcery G++ Lite/arm-none-eabi/lib/thumb2\libc.a(lib_a-memmove.o)
                0x080082b0                memmove
 .text          0x08008380       0xa0 C:\CodeSourcery\Sourcery G++ Lite/arm-none-eabi/lib/thumb2\libc.a(lib_a-memset.o)
                0x08008380                memset
 .text          0x08008420      0x3ec C:\CodeSourcery\Sourcery G++ Lite/arm-none-eabi/lib/thumb2\libc.a(lib_a-reallocr.o)
                0x08008420                _realloc_r
 .text          0x0800880c       0xf4 C:\CodeSourcery\Sourcery G++ Lite/arm-none-eabi/lib/thumb2\libc.a(lib_a-reent.o)
                0x0800880c                cleanup_glue
                0x08008828                _reclaim_reent
 .text          0x08008900      0x278 C:\CodeSourcery\Sourcery G++ Lite/lib/gcc/arm-none-eabi/4.8.1/thumb2\libgcc.a(_udivsi3.o)
                0x08008900                __aeabi_uidiv
                0x08008900                __udivsi3
                0x08008b5c                __aeabi_uidivmod
 .text          0x08008b78        0x4 C:\CodeSourcery\Sourcery G++ Lite/lib/gcc/arm-none-eabi/4.8.1/thumb2\libgcc.a(_dvmd_tls.o)
                0x08008b78                __aeabi_idiv0
                0x08008b78                __aeabi_ldiv0
 .text          0x08008b7c      0x370 C:\CodeSourcery\Sourcery G++ Lite/lib/gcc/arm-none-eabi/4.8.1/thumb2\libgcc.a(_arm_addsubdf3.o)
                0x08008b7c                __aeabi_drsub
                0x08008b84                __aeabi_dsub
                0x08008b84                __subdf3
                0x08008b88                __aeabi_dadd
                0x08008b88                __adddf3
                0x08008e00                __floatunsidf
                0x08008e00                __aeabi_ui2d
                0x08008e20                __floatsidf
                0x08008e20                __aeabi_i2d
                0x08008e44                __aeabi_f2d
                0x08008e44                __extendsfdf2
                0x08008e80                __floatundidf
                0x08008e80                __aeabi_ul2d
                0x08008e90                __floatdidf
                0x08008e90                __aeabi_l2d
 .text          0x08008eec      0x424 C:\CodeSourcery\Sourcery G++ Lite/lib/gcc/arm-none-eabi/4.8.1/thumb2\libgcc.a(_arm_muldivdf3.o)
                0x08008eec                __aeabi_dmul
                0x08008eec                __muldf3
                0x08009140                __divdf3
                0x08009140                __aeabi_ddiv
 .text          0x08009310      0x110 C:\CodeSourcery\Sourcery G++ Lite/lib/gcc/arm-none-eabi/4.8.1/thumb2\libgcc.a(_arm_cmpdf2.o)
                0x08009310                __gtdf2
                0x08009310                __gedf2
                0x08009318                __ltdf2
                0x08009318                __ledf2
                0x08009320                __nedf2
                0x08009320                __eqdf2
                0x08009320                __cmpdf2
                0x0800939c                __aeabi_cdrcmple
                0x080093ac                __aeabi_cdcmpeq
                0x080093ac                __aeabi_cdcmple
                0x080093bc                __aeabi_dcmpeq
                0x080093d0                __aeabi_dcmplt
                0x080093e4                __aeabi_dcmple
                0x080093f8                __aeabi_dcmpge
                0x0800940c                __aeabi_dcmpgt
 .text          0x08009420       0x50 C:\CodeSourcery\Sourcery G++ Lite/lib/gcc/arm-none-eabi/4.8.1/thumb2\libgcc.a(_arm_fixdfsi.o)
                0x08009420                __aeabi_d2iz
                0x08009420                __fixdfsi
 .text          0x08009470       0x40 C:\CodeSourcery\Sourcery G++ Lite/lib/gcc/arm-none-eabi/4.8.1/thumb2\libgcc.a(_arm_fixunsdfsi.o)
                0x08009470                __aeabi_d2uiz
                0x08009470                __fixunsdfsi
 .text          0x080094b0       0xa0 C:\CodeSourcery\Sourcery G++ Lite/lib/gcc/arm-none-eabi/4.8.1/thumb2\libgcc.a(_arm_truncdfsf2.o)
                0x080094b0                __truncdfsf2
                0x080094b0                __aeabi_d2f
 .text          0x08009550      0x21c C:\CodeSourcery\Sourcery G++ Lite/lib/gcc/arm-none-eabi/4.8.1/thumb2\libgcc.a(_arm_addsubsf3.o)
                0x08009550                __aeabi_frsub
                0x08009558                __subsf3
                0x08009558                __aeabi_fsub
                0x0800955c                __aeabi_fadd
                0x0800955c                __addsf3
                0x080096bc                __aeabi_ui2f
                0x080096bc                __floatunsisf
                0x080096c4                __aeabi_i2f
                0x080096c4                __floatsisf
                0x080096e0                __aeabi_ul2f
                0x080096e0                __floatundisf
                0x080096f0                __aeabi_l2f
                0x080096f0                __floatdisf
 .text          0x0800976c      0x2a0 C:\CodeSourcery\Sourcery G++ Lite/lib/gcc/arm-none-eabi/4.8.1/thumb2\libgcc.a(_arm_muldivsf3.o)
                0x0800976c                __mulsf3
                0x0800976c                __aeabi_fmul
                0x080098d4                __aeabi_fdiv
                0x080098d4                __divsf3
 .text          0x08009a0c       0x4c C:\CodeSourcery\Sourcery G++ Lite/lib/gcc/arm-none-eabi/4.8.1/thumb2\libgcc.a(_arm_fixsfsi.o)
                0x08009a0c                __aeabi_f2iz
                0x08009a0c                __fixsfsi
 .text          0x08009a58       0x2c C:\CodeSourcery\Sourcery G++ Lite/lib/gcc/arm-none-eabi/4.8.1/thumb2\libgcc.a(_aeabi_uldivmod.o)
                0x08009a58                __aeabi_uldivmod
 .text          0x08009a84       0x60 C:\CodeSourcery\Sourcery G++ Lite/lib/gcc/arm-none-eabi/4.8.1/thumb2\libgcc.a(bpabi.o)
                0x08009a84                __gnu_ldivmod_helper
                0x08009ab4                __gnu_uldivmod_helper
 .text          0x08009ae4      0x354 C:\CodeSourcery\Sourcery G++ Lite/lib/gcc/arm-none-eabi/4.8.1/thumb2\libgcc.a(_divdi3.o)
                0x08009ae4                __divdi3
 .text          0x08009e38      0x300 C:\CodeSourcery\Sourcery G++ Lite/lib/gcc/arm-none-eabi/4.8.1/thumb2\libgcc.a(_udivdi3.o)
                0x08009e38                __udivdi3
                0x0800a138                . = ALIGN (0x4)

.glue_7         0x0800a138        0x0
 .glue_7        0x00000000        0x0 linker stubs

.glue_7t        0x0800a138        0x0
 .glue_7t       0x00000000        0x0 linker stubs

.vfp11_veneer   0x0800a138        0x0
 .vfp11_veneer  0x00000000        0x0 linker stubs

.v4_bx          0x0800a138        0x0
 .v4_bx         0x00000000        0x0 linker stubs

.iplt           0x0800a138        0x0
 .iplt          0x00000000        0x0 clock.o

.ARM.extab      0x0800a138        0x0
 *(.ARM.extab* .gnu.linkonce.armextab.*)
 .ARM.extab     0x0800a138        0x0 C:\CodeSourcery\Sourcery G++ Lite/lib/gcc/arm-none-eabi/4.8.1/thumb2\libgcc.a(_divdi3.o)
 .ARM.extab     0x0800a138        0x0 C:\CodeSourcery\Sourcery G++ Lite/lib/gcc/arm-none-eabi/4.8.1/thumb2\libgcc.a(_udivdi3.o)
                0x0800a138                . = ALIGN (0x4)

.ARM.exidx      0x0800a138        0x8
 *(.ARM.exidx* .gnu.linkonce.armexidx.*)
 .ARM.exidx     0x0800a138        0x8 C:\CodeSourcery\Sourcery G++ Lite/lib/gcc/arm-none-eabi/4.8.1/thumb2\libgcc.a(_divdi3.o)
 .ARM.exidx     0x0800a140        0x0 C:\CodeSourcery\Sourcery G++ Lite/lib/gcc/arm-none-eabi/4.8.1/thumb2\libgcc.a(_udivdi3.o)
                                  0x8 (size before relaxing)
                0x0800a140                . = ALIGN (0x4)

.rodata         0x0800a140      0x1e0
 *(.rodata)
 .rodata        0x0800a140        0x4 C:\CodeSourcery\Sourcery G++ Lite/arm-none-eabi/lib/thumb2\libc.a(lib_a-impure.o)
                0x0800a140                _global_impure_ptr
 .rodata        0x0800a144       0x20 C:\CodeSourcery\Sourcery G++ Lite/arm-none-eabi/lib/thumb2\libc.a(lib_a-svfprintf.o)
 *fill*         0x0800a164        0x4 
 .rodata        0x0800a168      0x128 C:\CodeSourcery\Sourcery G++ Lite/arm-none-eabi/lib/thumb2\libc.a(lib_a-mprec.o)
                0x0800a178                __mprec_tens
                0x0800a240                __mprec_tinytens
                0x0800a268                __mprec_bigtens
 .rodata        0x0800a290       0x20 C:\CodeSourcery\Sourcery G++ Lite/arm-none-eabi/lib/thumb2\libc.a(lib_a-svfiprintf.o)
 *(.rodata.*)
 .rodata.str1.4
                0x0800a2b0        0xc main.o
 .rodata.str1.4
                0x0800a2bc        0x2 C:\CodeSourcery\Sourcery G++ Lite/arm-none-eabi/lib/thumb2\libc.a(lib_a-impure.o)
                                  0x4 (size before relaxing)
 *fill*         0x0800a2be        0x2 
 .rodata.str1.4
                0x0800a2c0       0x42 C:\CodeSourcery\Sourcery G++ Lite/arm-none-eabi/lib/thumb2\libc.a(lib_a-svfprintf.o)
                                 0x44 (size before relaxing)
 *fill*         0x0800a302        0x2 
 .rodata.str1.4
                0x0800a304       0x10 C:\CodeSourcery\Sourcery G++ Lite/arm-none-eabi/lib/thumb2\libc.a(lib_a-dtoa.o)
                                 0x14 (size before relaxing)
 .rodata.str1.4
                0x0800a314        0xc C:\CodeSourcery\Sourcery G++ Lite/arm-none-eabi/lib/thumb2\libc.a(lib_a-locale.o)
                                 0x14 (size before relaxing)
 .rodata.str1.4
                0x00000000       0x30 C:\CodeSourcery\Sourcery G++ Lite/arm-none-eabi/lib/thumb2\libc.a(lib_a-svfiprintf.o)
                0x0800a320                . = ALIGN (0x8)
                0x0800a320                __RO_LIMIT__ = .

.rel.dyn        0x0800a320        0x0
 .rel.iplt      0x00000000        0x0 clock.o

.data           0x20000000      0x580 load address 0x0800a320
                0x20000000                __RW_BASE__ = .
 *(.data)
 .data          0x20000000        0x0 clock.o
 .data          0x20000000        0x0 core_cm3.o
 .data          0x20000000        0x0 key.o
 .data          0x20000000        0x0 led.o
 .data          0x20000000        0x0 main.o
 .data          0x20000000        0x0 runtime.o
 .data          0x20000000        0x0 systick.o
 .data          0x20000000        0x0 timer.o
 .data          0x20000000        0x0 uart.o
 .data          0x20000000        0x0 crt0.o
 .data          0x20000000        0x0 C:\CodeSourcery\Sourcery G++ Lite/arm-none-eabi/lib/thumb2\libc.a(lib_a-vsprintf.o)
 .data          0x20000000       0xf4 C:\CodeSourcery\Sourcery G++ Lite/arm-none-eabi/lib/thumb2\libc.a(lib_a-impure.o)
                0x20000000                _impure_ptr
 .data          0x200000f4        0x0 C:\CodeSourcery\Sourcery G++ Lite/arm-none-eabi/lib/thumb2\libc.a(lib_a-svfprintf.o)
 .data          0x200000f4        0x0 C:\CodeSourcery\Sourcery G++ Lite/arm-none-eabi/lib/thumb2\libc.a(lib_a-dtoa.o)
 .data          0x200000f4       0x7c C:\CodeSourcery\Sourcery G++ Lite/arm-none-eabi/lib/thumb2\libc.a(lib_a-locale.o)
                0x20000114                __mb_cur_max
 .data          0x20000170        0x0 C:\CodeSourcery\Sourcery G++ Lite/arm-none-eabi/lib/thumb2\libc.a(lib_a-malloc.o)
 .data          0x20000170      0x410 C:\CodeSourcery\Sourcery G++ Lite/arm-none-eabi/lib/thumb2\libc.a(lib_a-mallocr.o)
                0x20000170                __malloc_av_
                0x20000578                __malloc_sbrk_base
                0x2000057c                __malloc_trim_threshold
 .data          0x20000580        0x0 C:\CodeSourcery\Sourcery G++ Lite/arm-none-eabi/lib/thumb2\libc.a(lib_a-memchr-stub.o)
 .data          0x20000580        0x0 C:\CodeSourcery\Sourcery G++ Lite/arm-none-eabi/lib/thumb2\libc.a(lib_a-memcpy-stub.o)
 .data          0x20000580        0x0 C:\CodeSourcery\Sourcery G++ Lite/arm-none-eabi/lib/thumb2\libc.a(lib_a-mlock.o)
 .data          0x20000580        0x0 C:\CodeSourcery\Sourcery G++ Lite/arm-none-eabi/lib/thumb2\libc.a(lib_a-mprec.o)
 .data          0x20000580        0x0 C:\CodeSourcery\Sourcery G++ Lite/arm-none-eabi/lib/thumb2\libc.a(lib_a-s_fpclassify.o)
 .data          0x20000580        0x0 C:\CodeSourcery\Sourcery G++ Lite/arm-none-eabi/lib/thumb2\libc.a(lib_a-sbrkr.o)
 .data          0x20000580        0x0 C:\CodeSourcery\Sourcery G++ Lite/arm-none-eabi/lib/thumb2\libc.a(lib_a-strcmp.o)
 .data          0x20000580        0x0 C:\CodeSourcery\Sourcery G++ Lite/arm-none-eabi/lib/thumb2\libc.a(lib_a-strlen.o)
 .data          0x20000580        0x0 C:\CodeSourcery\Sourcery G++ Lite/arm-none-eabi/lib/thumb2\libc.a(lib_a-svfiprintf.o)
 .data          0x20000580        0x0 C:\CodeSourcery\Sourcery G++ Lite/arm-none-eabi/lib/thumb2\libc.a(lib_a-callocr.o)
 .data          0x20000580        0x0 C:\CodeSourcery\Sourcery G++ Lite/arm-none-eabi/lib/thumb2\libc.a(lib_a-freer.o)
 .data          0x20000580        0x0 C:\CodeSourcery\Sourcery G++ Lite/arm-none-eabi/lib/thumb2\libc.a(lib_a-memmove.o)
 .data          0x20000580        0x0 C:\CodeSourcery\Sourcery G++ Lite/arm-none-eabi/lib/thumb2\libc.a(lib_a-memset.o)
 .data          0x20000580        0x0 C:\CodeSourcery\Sourcery G++ Lite/arm-none-eabi/lib/thumb2\libc.a(lib_a-reallocr.o)
 .data          0x20000580        0x0 C:\CodeSourcery\Sourcery G++ Lite/arm-none-eabi/lib/thumb2\libc.a(lib_a-reent.o)
 .data          0x20000580        0x0 C:\CodeSourcery\Sourcery G++ Lite/lib/gcc/arm-none-eabi/4.8.1/thumb2\libgcc.a(_udivsi3.o)
 .data          0x20000580        0x0 C:\CodeSourcery\Sourcery G++ Lite/lib/gcc/arm-none-eabi/4.8.1/thumb2\libgcc.a(_dvmd_tls.o)
 .data          0x20000580        0x0 C:\CodeSourcery\Sourcery G++ Lite/lib/gcc/arm-none-eabi/4.8.1/thumb2\libgcc.a(_arm_addsubdf3.o)
 .data          0x20000580        0x0 C:\CodeSourcery\Sourcery G++ Lite/lib/gcc/arm-none-eabi/4.8.1/thumb2\libgcc.a(_arm_muldivdf3.o)
 .data          0x20000580        0x0 C:\CodeSourcery\Sourcery G++ Lite/lib/gcc/arm-none-eabi/4.8.1/thumb2\libgcc.a(_arm_cmpdf2.o)
 .data          0x20000580        0x0 C:\CodeSourcery\Sourcery G++ Lite/lib/gcc/arm-none-eabi/4.8.1/thumb2\libgcc.a(_arm_fixdfsi.o)
 .data          0x20000580        0x0 C:\CodeSourcery\Sourcery G++ Lite/lib/gcc/arm-none-eabi/4.8.1/thumb2\libgcc.a(_arm_fixunsdfsi.o)
 .data          0x20000580        0x0 C:\CodeSourcery\Sourcery G++ Lite/lib/gcc/arm-none-eabi/4.8.1/thumb2\libgcc.a(_arm_truncdfsf2.o)
 .data          0x20000580        0x0 C:\CodeSourcery\Sourcery G++ Lite/lib/gcc/arm-none-eabi/4.8.1/thumb2\libgcc.a(_arm_addsubsf3.o)
 .data          0x20000580        0x0 C:\CodeSourcery\Sourcery G++ Lite/lib/gcc/arm-none-eabi/4.8.1/thumb2\libgcc.a(_arm_muldivsf3.o)
 .data          0x20000580        0x0 C:\CodeSourcery\Sourcery G++ Lite/lib/gcc/arm-none-eabi/4.8.1/thumb2\libgcc.a(_arm_fixsfsi.o)
 .data          0x20000580        0x0 C:\CodeSourcery\Sourcery G++ Lite/lib/gcc/arm-none-eabi/4.8.1/thumb2\libgcc.a(_aeabi_uldivmod.o)
 .data          0x20000580        0x0 C:\CodeSourcery\Sourcery G++ Lite/lib/gcc/arm-none-eabi/4.8.1/thumb2\libgcc.a(bpabi.o)
 .data          0x20000580        0x0 C:\CodeSourcery\Sourcery G++ Lite/lib/gcc/arm-none-eabi/4.8.1/thumb2\libgcc.a(_divdi3.o)
 .data          0x20000580        0x0 C:\CodeSourcery\Sourcery G++ Lite/lib/gcc/arm-none-eabi/4.8.1/thumb2\libgcc.a(_udivdi3.o)
 *(.data.*)
                0x20000580                . = ALIGN (0x4)
                0x20000580                __RW_LIMIT__ = .
                0x00000580                __RW_SIZE__ = SIZEOF (.data)
                0x0800a320                __RW_LOAD_ADDR__ = LOADADDR (.data)

.igot.plt       0x20000580        0x0 load address 0x0800a8a0
 .igot.plt      0x00000000        0x0 clock.o

.bss            0x20000580       0x50 load address 0x0800a8a0
                0x20000580                __ZI_BASE__ = .
 *(.bss)
 .bss           0x20000580        0x0 clock.o
 .bss           0x20000580        0x0 core_cm3.o
 .bss           0x20000580        0x0 key.o
 .bss           0x20000580        0x0 led.o
 .bss           0x20000580        0x8 main.o
                0x20000580                speed
                0x20000584                dir
 .bss           0x20000588        0x4 runtime.o
 .bss           0x2000058c        0x0 systick.o
 .bss           0x2000058c        0x0 timer.o
 .bss           0x2000058c        0x0 uart.o
 .bss           0x2000058c        0x0 crt0.o
 .bss           0x2000058c        0x0 C:\CodeSourcery\Sourcery G++ Lite/arm-none-eabi/lib/thumb2\libc.a(lib_a-vsprintf.o)
 .bss           0x2000058c        0x0 C:\CodeSourcery\Sourcery G++ Lite/arm-none-eabi/lib/thumb2\libc.a(lib_a-impure.o)
 .bss           0x2000058c        0x0 C:\CodeSourcery\Sourcery G++ Lite/arm-none-eabi/lib/thumb2\libc.a(lib_a-svfprintf.o)
 .bss           0x2000058c        0x0 C:\CodeSourcery\Sourcery G++ Lite/arm-none-eabi/lib/thumb2\libc.a(lib_a-dtoa.o)
 .bss           0x2000058c        0xc C:\CodeSourcery\Sourcery G++ Lite/arm-none-eabi/lib/thumb2\libc.a(lib_a-locale.o)
                0x2000058c                _PathLocale
                0x20000590                __mlocale_changed
                0x20000594                __nlocale_changed
 .bss           0x20000598        0x0 C:\CodeSourcery\Sourcery G++ Lite/arm-none-eabi/lib/thumb2\libc.a(lib_a-malloc.o)
 .bss           0x20000598       0x34 C:\CodeSourcery\Sourcery G++ Lite/arm-none-eabi/lib/thumb2\libc.a(lib_a-mallocr.o)
                0x20000598                __malloc_top_pad
                0x2000059c                __malloc_current_mallinfo
                0x200005c4                __malloc_max_sbrked_mem
                0x200005c8                __malloc_max_total_mem
 .bss           0x200005cc        0x0 C:\CodeSourcery\Sourcery G++ Lite/arm-none-eabi/lib/thumb2\libc.a(lib_a-memchr-stub.o)
 .bss           0x200005cc        0x0 C:\CodeSourcery\Sourcery G++ Lite/arm-none-eabi/lib/thumb2\libc.a(lib_a-memcpy-stub.o)
 .bss           0x200005cc        0x0 C:\CodeSourcery\Sourcery G++ Lite/arm-none-eabi/lib/thumb2\libc.a(lib_a-mlock.o)
 .bss           0x200005cc        0x0 C:\CodeSourcery\Sourcery G++ Lite/arm-none-eabi/lib/thumb2\libc.a(lib_a-mprec.o)
 .bss           0x200005cc        0x0 C:\CodeSourcery\Sourcery G++ Lite/arm-none-eabi/lib/thumb2\libc.a(lib_a-s_fpclassify.o)
 .bss           0x200005cc        0x0 C:\CodeSourcery\Sourcery G++ Lite/arm-none-eabi/lib/thumb2\libc.a(lib_a-sbrkr.o)
 .bss           0x200005cc        0x0 C:\CodeSourcery\Sourcery G++ Lite/arm-none-eabi/lib/thumb2\libc.a(lib_a-strcmp.o)
 .bss           0x200005cc        0x0 C:\CodeSourcery\Sourcery G++ Lite/arm-none-eabi/lib/thumb2\libc.a(lib_a-strlen.o)
 .bss           0x200005cc        0x0 C:\CodeSourcery\Sourcery G++ Lite/arm-none-eabi/lib/thumb2\libc.a(lib_a-svfiprintf.o)
 .bss           0x200005cc        0x0 C:\CodeSourcery\Sourcery G++ Lite/arm-none-eabi/lib/thumb2\libc.a(lib_a-callocr.o)
 .bss           0x200005cc        0x0 C:\CodeSourcery\Sourcery G++ Lite/arm-none-eabi/lib/thumb2\libc.a(lib_a-freer.o)
 .bss           0x200005cc        0x0 C:\CodeSourcery\Sourcery G++ Lite/arm-none-eabi/lib/thumb2\libc.a(lib_a-memmove.o)
 .bss           0x200005cc        0x0 C:\CodeSourcery\Sourcery G++ Lite/arm-none-eabi/lib/thumb2\libc.a(lib_a-memset.o)
 .bss           0x200005cc        0x0 C:\CodeSourcery\Sourcery G++ Lite/arm-none-eabi/lib/thumb2\libc.a(lib_a-reallocr.o)
 .bss           0x200005cc        0x0 C:\CodeSourcery\Sourcery G++ Lite/arm-none-eabi/lib/thumb2\libc.a(lib_a-reent.o)
 .bss           0x200005cc        0x0 C:\CodeSourcery\Sourcery G++ Lite/lib/gcc/arm-none-eabi/4.8.1/thumb2\libgcc.a(_udivsi3.o)
 .bss           0x200005cc        0x0 C:\CodeSourcery\Sourcery G++ Lite/lib/gcc/arm-none-eabi/4.8.1/thumb2\libgcc.a(_dvmd_tls.o)
 .bss           0x200005cc        0x0 C:\CodeSourcery\Sourcery G++ Lite/lib/gcc/arm-none-eabi/4.8.1/thumb2\libgcc.a(_arm_addsubdf3.o)
 .bss           0x200005cc        0x0 C:\CodeSourcery\Sourcery G++ Lite/lib/gcc/arm-none-eabi/4.8.1/thumb2\libgcc.a(_arm_muldivdf3.o)
 .bss           0x200005cc        0x0 C:\CodeSourcery\Sourcery G++ Lite/lib/gcc/arm-none-eabi/4.8.1/thumb2\libgcc.a(_arm_cmpdf2.o)
 .bss           0x200005cc        0x0 C:\CodeSourcery\Sourcery G++ Lite/lib/gcc/arm-none-eabi/4.8.1/thumb2\libgcc.a(_arm_fixdfsi.o)
 .bss           0x200005cc        0x0 C:\CodeSourcery\Sourcery G++ Lite/lib/gcc/arm-none-eabi/4.8.1/thumb2\libgcc.a(_arm_fixunsdfsi.o)
 .bss           0x200005cc        0x0 C:\CodeSourcery\Sourcery G++ Lite/lib/gcc/arm-none-eabi/4.8.1/thumb2\libgcc.a(_arm_truncdfsf2.o)
 .bss           0x200005cc        0x0 C:\CodeSourcery\Sourcery G++ Lite/lib/gcc/arm-none-eabi/4.8.1/thumb2\libgcc.a(_arm_addsubsf3.o)
 .bss           0x200005cc        0x0 C:\CodeSourcery\Sourcery G++ Lite/lib/gcc/arm-none-eabi/4.8.1/thumb2\libgcc.a(_arm_muldivsf3.o)
 .bss           0x200005cc        0x0 C:\CodeSourcery\Sourcery G++ Lite/lib/gcc/arm-none-eabi/4.8.1/thumb2\libgcc.a(_arm_fixsfsi.o)
 .bss           0x200005cc        0x0 C:\CodeSourcery\Sourcery G++ Lite/lib/gcc/arm-none-eabi/4.8.1/thumb2\libgcc.a(_aeabi_uldivmod.o)
 .bss           0x200005cc        0x0 C:\CodeSourcery\Sourcery G++ Lite/lib/gcc/arm-none-eabi/4.8.1/thumb2\libgcc.a(bpabi.o)
 .bss           0x200005cc        0x0 C:\CodeSourcery\Sourcery G++ Lite/lib/gcc/arm-none-eabi/4.8.1/thumb2\libgcc.a(_divdi3.o)
 .bss           0x200005cc        0x0 C:\CodeSourcery\Sourcery G++ Lite/lib/gcc/arm-none-eabi/4.8.1/thumb2\libgcc.a(_udivdi3.o)
 *(.bss.*)
                0x200005cc                . = ALIGN (0x4)
                0x200005cc                __ZI_LIMIT__ = .
 COMMON         0x200005cc        0x4 C:\CodeSourcery\Sourcery G++ Lite/arm-none-eabi/lib/thumb2\libc.a(lib_a-reent.o)
                0x200005cc                errno
                0x00000050                __ZI_SIZE__ = SIZEOF (.bss)
OUTPUT(rom_0x08003000.elf elf32-littlearm)

.debug_info     0x00000000     0x1b4d
 .debug_info    0x00000000      0x1cb clock.o
 .debug_info    0x000001cb      0x509 core_cm3.o
 .debug_info    0x000006d4      0x2e2 key.o
 .debug_info    0x000009b6      0x1fb led.o
 .debug_info    0x00000bb1      0x29f main.o
 .debug_info    0x00000e50       0xff runtime.o
 .debug_info    0x00000f4f      0x15f systick.o
 .debug_info    0x000010ae      0x589 timer.o
 .debug_info    0x00001637      0x4a5 uart.o
 .debug_info    0x00001adc       0x71 crt0.o

.debug_abbrev   0x00000000      0xa66
 .debug_abbrev  0x00000000       0x9f clock.o
 .debug_abbrev  0x0000009f       0xbd core_cm3.o
 .debug_abbrev  0x0000015c      0x151 key.o
 .debug_abbrev  0x000002ad       0xc8 led.o
 .debug_abbrev  0x00000375      0x19f main.o
 .debug_abbrev  0x00000514       0xa5 runtime.o
 .debug_abbrev  0x000005b9       0xe9 systick.o
 .debug_abbrev  0x000006a2      0x154 timer.o
 .debug_abbrev  0x000007f6      0x25c uart.o
 .debug_abbrev  0x00000a52       0x14 crt0.o

.debug_aranges  0x00000000      0x140
 .debug_aranges
                0x00000000       0x20 clock.o
 .debug_aranges
                0x00000020       0x20 core_cm3.o
 .debug_aranges
                0x00000040       0x20 key.o
 .debug_aranges
                0x00000060       0x20 led.o
 .debug_aranges
                0x00000080       0x20 main.o
 .debug_aranges
                0x000000a0       0x20 runtime.o
 .debug_aranges
                0x000000c0       0x20 systick.o
 .debug_aranges
                0x000000e0       0x20 timer.o
 .debug_aranges
                0x00000100       0x20 uart.o
 .debug_aranges
                0x00000120       0x20 crt0.o

.debug_line     0x00000000      0x766
 .debug_line    0x00000000       0xa7 clock.o
 .debug_line    0x000000a7       0xe6 core_cm3.o
 .debug_line    0x0000018d       0xbb key.o
 .debug_line    0x00000248       0x9f led.o
 .debug_line    0x000002e7       0x97 main.o
 .debug_line    0x0000037e       0x56 runtime.o
 .debug_line    0x000003d4       0x98 systick.o
 .debug_line    0x0000046c      0x145 timer.o
 .debug_line    0x000005b1      0x166 uart.o
 .debug_line    0x00000717       0x4f crt0.o

.debug_str      0x00000000      0x76e
 .debug_str     0x00000000      0x1bc clock.o
                                0x1fa (size before relaxing)
 .debug_str     0x000001bc      0x155 core_cm3.o
                                0x2c9 (size before relaxing)
 .debug_str     0x00000311       0x76 key.o
                                0x234 (size before relaxing)
 .debug_str     0x00000387       0x32 led.o
                                0x207 (size before relaxing)
 .debug_str     0x000003b9       0x99 main.o
                                0x231 (size before relaxing)
 .debug_str     0x00000452       0x34 runtime.o
                                0x1aa (size before relaxing)
 .debug_str     0x00000486       0x82 systick.o
                                0x201 (size before relaxing)
 .debug_str     0x00000508      0x1d2 timer.o
                                0x3f8 (size before relaxing)
 .debug_str     0x000006da       0x94 uart.o
                                0x2ea (size before relaxing)

.comment        0x00000000       0x30
 .comment       0x00000000       0x30 clock.o
                                 0x31 (size before relaxing)
 .comment       0x00000000       0x31 core_cm3.o
 .comment       0x00000000       0x31 key.o
 .comment       0x00000000       0x31 led.o
 .comment       0x00000000       0x31 main.o
 .comment       0x00000000       0x31 runtime.o
 .comment       0x00000000       0x31 systick.o
 .comment       0x00000000       0x31 timer.o
 .comment       0x00000000       0x31 uart.o

.ARM.attributes
                0x00000000       0x31
 .ARM.attributes
                0x00000000       0x33 clock.o
 .ARM.attributes
                0x00000033       0x33 core_cm3.o
 .ARM.attributes
                0x00000066       0x33 key.o
 .ARM.attributes
                0x00000099       0x33 led.o
 .ARM.attributes
                0x000000cc       0x33 main.o
 .ARM.attributes
                0x000000ff       0x33 runtime.o
 .ARM.attributes
                0x00000132       0x33 systick.o
 .ARM.attributes
                0x00000165       0x33 timer.o
 .ARM.attributes
                0x00000198       0x33 uart.o
 .ARM.attributes
                0x000001cb       0x21 crt0.o
 .ARM.attributes
                0x000001ec       0x29 C:\CodeSourcery\Sourcery G++ Lite/arm-none-eabi/lib/thumb2\libc.a(lib_a-vsprintf.o)
 .ARM.attributes
                0x00000215       0x29 C:\CodeSourcery\Sourcery G++ Lite/arm-none-eabi/lib/thumb2\libc.a(lib_a-impure.o)
 .ARM.attributes
                0x0000023e       0x29 C:\CodeSourcery\Sourcery G++ Lite/arm-none-eabi/lib/thumb2\libc.a(lib_a-svfprintf.o)
 .ARM.attributes
                0x00000267       0x29 C:\CodeSourcery\Sourcery G++ Lite/arm-none-eabi/lib/thumb2\libc.a(lib_a-dtoa.o)
 .ARM.attributes
                0x00000290       0x29 C:\CodeSourcery\Sourcery G++ Lite/arm-none-eabi/lib/thumb2\libc.a(lib_a-locale.o)
 .ARM.attributes
                0x000002b9       0x29 C:\CodeSourcery\Sourcery G++ Lite/arm-none-eabi/lib/thumb2\libc.a(lib_a-malloc.o)
 .ARM.attributes
                0x000002e2       0x29 C:\CodeSourcery\Sourcery G++ Lite/arm-none-eabi/lib/thumb2\libc.a(lib_a-mallocr.o)
 .ARM.attributes
                0x0000030b       0x29 C:\CodeSourcery\Sourcery G++ Lite/arm-none-eabi/lib/thumb2\libc.a(lib_a-memchr-stub.o)
 .ARM.attributes
                0x00000334       0x29 C:\CodeSourcery\Sourcery G++ Lite/arm-none-eabi/lib/thumb2\libc.a(lib_a-memcpy-stub.o)
 .ARM.attributes
                0x0000035d       0x29 C:\CodeSourcery\Sourcery G++ Lite/arm-none-eabi/lib/thumb2\libc.a(lib_a-mlock.o)
 .ARM.attributes
                0x00000386       0x29 C:\CodeSourcery\Sourcery G++ Lite/arm-none-eabi/lib/thumb2\libc.a(lib_a-mprec.o)
 .ARM.attributes
                0x000003af       0x29 C:\CodeSourcery\Sourcery G++ Lite/arm-none-eabi/lib/thumb2\libc.a(lib_a-s_fpclassify.o)
 .ARM.attributes
                0x000003d8       0x29 C:\CodeSourcery\Sourcery G++ Lite/arm-none-eabi/lib/thumb2\libc.a(lib_a-sbrkr.o)
 .ARM.attributes
                0x00000401       0x17 C:\CodeSourcery\Sourcery G++ Lite/arm-none-eabi/lib/thumb2\libc.a(lib_a-strcmp.o)
 .ARM.attributes
                0x00000418       0x29 C:\CodeSourcery\Sourcery G++ Lite/arm-none-eabi/lib/thumb2\libc.a(lib_a-strlen.o)
 .ARM.attributes
                0x00000441       0x29 C:\CodeSourcery\Sourcery G++ Lite/arm-none-eabi/lib/thumb2\libc.a(lib_a-svfiprintf.o)
 .ARM.attributes
                0x0000046a       0x29 C:\CodeSourcery\Sourcery G++ Lite/arm-none-eabi/lib/thumb2\libc.a(lib_a-callocr.o)
 .ARM.attributes
                0x00000493       0x29 C:\CodeSourcery\Sourcery G++ Lite/arm-none-eabi/lib/thumb2\libc.a(lib_a-freer.o)
 .ARM.attributes
                0x000004bc       0x29 C:\CodeSourcery\Sourcery G++ Lite/arm-none-eabi/lib/thumb2\libc.a(lib_a-memmove.o)
 .ARM.attributes
                0x000004e5       0x29 C:\CodeSourcery\Sourcery G++ Lite/arm-none-eabi/lib/thumb2\libc.a(lib_a-memset.o)
 .ARM.attributes
                0x0000050e       0x29 C:\CodeSourcery\Sourcery G++ Lite/arm-none-eabi/lib/thumb2\libc.a(lib_a-reallocr.o)
 .ARM.attributes
                0x00000537       0x29 C:\CodeSourcery\Sourcery G++ Lite/arm-none-eabi/lib/thumb2\libc.a(lib_a-reent.o)
 .ARM.attributes
                0x00000560       0x19 C:\CodeSourcery\Sourcery G++ Lite/lib/gcc/arm-none-eabi/4.8.1/thumb2\libgcc.a(_udivsi3.o)
 .ARM.attributes
                0x00000579       0x19 C:\CodeSourcery\Sourcery G++ Lite/lib/gcc/arm-none-eabi/4.8.1/thumb2\libgcc.a(_dvmd_tls.o)
 .ARM.attributes
                0x00000592       0x19 C:\CodeSourcery\Sourcery G++ Lite/lib/gcc/arm-none-eabi/4.8.1/thumb2\libgcc.a(_arm_addsubdf3.o)
 .ARM.attributes
                0x000005ab       0x19 C:\CodeSourcery\Sourcery G++ Lite/lib/gcc/arm-none-eabi/4.8.1/thumb2\libgcc.a(_arm_muldivdf3.o)
 .ARM.attributes
                0x000005c4       0x19 C:\CodeSourcery\Sourcery G++ Lite/lib/gcc/arm-none-eabi/4.8.1/thumb2\libgcc.a(_arm_cmpdf2.o)
 .ARM.attributes
                0x000005dd       0x19 C:\CodeSourcery\Sourcery G++ Lite/lib/gcc/arm-none-eabi/4.8.1/thumb2\libgcc.a(_arm_fixdfsi.o)
 .ARM.attributes
                0x000005f6       0x19 C:\CodeSourcery\Sourcery G++ Lite/lib/gcc/arm-none-eabi/4.8.1/thumb2\libgcc.a(_arm_fixunsdfsi.o)
 .ARM.attributes
                0x0000060f       0x19 C:\CodeSourcery\Sourcery G++ Lite/lib/gcc/arm-none-eabi/4.8.1/thumb2\libgcc.a(_arm_truncdfsf2.o)
 .ARM.attributes
                0x00000628       0x19 C:\CodeSourcery\Sourcery G++ Lite/lib/gcc/arm-none-eabi/4.8.1/thumb2\libgcc.a(_arm_addsubsf3.o)
 .ARM.attributes
                0x00000641       0x19 C:\CodeSourcery\Sourcery G++ Lite/lib/gcc/arm-none-eabi/4.8.1/thumb2\libgcc.a(_arm_muldivsf3.o)
 .ARM.attributes
                0x0000065a       0x19 C:\CodeSourcery\Sourcery G++ Lite/lib/gcc/arm-none-eabi/4.8.1/thumb2\libgcc.a(_arm_fixsfsi.o)
 .ARM.attributes
                0x00000673       0x19 C:\CodeSourcery\Sourcery G++ Lite/lib/gcc/arm-none-eabi/4.8.1/thumb2\libgcc.a(_aeabi_uldivmod.o)
 .ARM.attributes
                0x0000068c       0x29 C:\CodeSourcery\Sourcery G++ Lite/lib/gcc/arm-none-eabi/4.8.1/thumb2\libgcc.a(bpabi.o)
 .ARM.attributes
                0x000006b5       0x29 C:\CodeSourcery\Sourcery G++ Lite/lib/gcc/arm-none-eabi/4.8.1/thumb2\libgcc.a(_divdi3.o)
 .ARM.attributes
                0x000006de       0x29 C:\CodeSourcery\Sourcery G++ Lite/lib/gcc/arm-none-eabi/4.8.1/thumb2\libgcc.a(_udivdi3.o)

.debug_frame    0x00000000      0xca8
 .debug_frame   0x00000000       0x20 clock.o
 .debug_frame   0x00000020      0x170 core_cm3.o
 .debug_frame   0x00000190       0x50 key.o
 .debug_frame   0x000001e0       0x50 led.o
 .debug_frame   0x00000230       0x4c main.o
 .debug_frame   0x0000027c       0x28 runtime.o
 .debug_frame   0x000002a4       0x6c systick.o
 .debug_frame   0x00000310      0x11c timer.o
 .debug_frame   0x0000042c       0x9c uart.o
 .debug_frame   0x000004c8       0x44 C:\CodeSourcery\Sourcery G++ Lite/arm-none-eabi/lib/thumb2\libc.a(lib_a-vsprintf.o)
 .debug_frame   0x0000050c       0x3c C:\CodeSourcery\Sourcery G++ Lite/arm-none-eabi/lib/thumb2\libc.a(lib_a-svfprintf.o)
 .debug_frame   0x00000548       0x64 C:\CodeSourcery\Sourcery G++ Lite/arm-none-eabi/lib/thumb2\libc.a(lib_a-dtoa.o)
 .debug_frame   0x000005ac       0x98 C:\CodeSourcery\Sourcery G++ Lite/arm-none-eabi/lib/thumb2\libc.a(lib_a-locale.o)
 .debug_frame   0x00000644       0x30 C:\CodeSourcery\Sourcery G++ Lite/arm-none-eabi/lib/thumb2\libc.a(lib_a-malloc.o)
 .debug_frame   0x00000674       0x38 C:\CodeSourcery\Sourcery G++ Lite/arm-none-eabi/lib/thumb2\libc.a(lib_a-mallocr.o)
 .debug_frame   0x000006ac       0x2c C:\CodeSourcery\Sourcery G++ Lite/arm-none-eabi/lib/thumb2\libc.a(lib_a-memchr-stub.o)
 .debug_frame   0x000006d8       0x2c C:\CodeSourcery\Sourcery G++ Lite/arm-none-eabi/lib/thumb2\libc.a(lib_a-memcpy-stub.o)
 .debug_frame   0x00000704       0x30 C:\CodeSourcery\Sourcery G++ Lite/arm-none-eabi/lib/thumb2\libc.a(lib_a-mlock.o)
 .debug_frame   0x00000734      0x244 C:\CodeSourcery\Sourcery G++ Lite/arm-none-eabi/lib/thumb2\libc.a(lib_a-mprec.o)
 .debug_frame   0x00000978       0x20 C:\CodeSourcery\Sourcery G++ Lite/arm-none-eabi/lib/thumb2\libc.a(lib_a-s_fpclassify.o)
 .debug_frame   0x00000998       0x2c C:\CodeSourcery\Sourcery G++ Lite/arm-none-eabi/lib/thumb2\libc.a(lib_a-sbrkr.o)
 .debug_frame   0x000009c4       0x20 C:\CodeSourcery\Sourcery G++ Lite/arm-none-eabi/lib/thumb2\libc.a(lib_a-strlen.o)
 .debug_frame   0x000009e4       0x64 C:\CodeSourcery\Sourcery G++ Lite/arm-none-eabi/lib/thumb2\libc.a(lib_a-svfiprintf.o)
 .debug_frame   0x00000a48       0x28 C:\CodeSourcery\Sourcery G++ Lite/arm-none-eabi/lib/thumb2\libc.a(lib_a-callocr.o)
 .debug_frame   0x00000a70       0x50 C:\CodeSourcery\Sourcery G++ Lite/arm-none-eabi/lib/thumb2\libc.a(lib_a-freer.o)
 .debug_frame   0x00000ac0       0x2c C:\CodeSourcery\Sourcery G++ Lite/arm-none-eabi/lib/thumb2\libc.a(lib_a-memmove.o)
 .debug_frame   0x00000aec       0x2c C:\CodeSourcery\Sourcery G++ Lite/arm-none-eabi/lib/thumb2\libc.a(lib_a-memset.o)
 .debug_frame   0x00000b18       0x38 C:\CodeSourcery\Sourcery G++ Lite/arm-none-eabi/lib/thumb2\libc.a(lib_a-reallocr.o)
 .debug_frame   0x00000b50       0x48 C:\CodeSourcery\Sourcery G++ Lite/arm-none-eabi/lib/thumb2\libc.a(lib_a-reent.o)
 .debug_frame   0x00000b98       0x20 C:\CodeSourcery\Sourcery G++ Lite/lib/gcc/arm-none-eabi/4.8.1/thumb2\libgcc.a(_udivsi3.o)
 .debug_frame   0x00000bb8       0x28 C:\CodeSourcery\Sourcery G++ Lite/lib/gcc/arm-none-eabi/4.8.1/thumb2\libgcc.a(_aeabi_uldivmod.o)
 .debug_frame   0x00000be0       0x58 C:\CodeSourcery\Sourcery G++ Lite/lib/gcc/arm-none-eabi/4.8.1/thumb2\libgcc.a(bpabi.o)
 .debug_frame   0x00000c38       0x38 C:\CodeSourcery\Sourcery G++ Lite/lib/gcc/arm-none-eabi/4.8.1/thumb2\libgcc.a(_divdi3.o)
 .debug_frame   0x00000c70       0x38 C:\CodeSourcery\Sourcery G++ Lite/lib/gcc/arm-none-eabi/4.8.1/thumb2\libgcc.a(_udivdi3.o)

.debug_loc      0x00000000      0x844
 .debug_loc     0x00000000      0x33a core_cm3.o
 .debug_loc     0x0000033a       0x2f led.o
 .debug_loc     0x00000369      0x1a1 main.o
 .debug_loc     0x0000050a       0x75 runtime.o
 .debug_loc     0x0000057f       0x21 systick.o
 .debug_loc     0x000005a0      0x154 timer.o
 .debug_loc     0x000006f4      0x150 uart.o

.debug_ranges   0x00000000       0x70
 .debug_ranges  0x00000000       0x10 core_cm3.o
 .debug_ranges  0x00000010       0x18 main.o
 .debug_ranges  0x00000028       0x48 uart.o

Cross Reference Table

Symbol                                            File
Clock_Init                                        clock.o
                                                  main.o
Key_Get_Pressed                                   key.o
Key_Poll_Init                                     key.o
                                                  main.o
Key_Wait_Key_Pressed                              key.o
Key_Wait_Key_Released                             key.o
LED_All_Off                                       led.o
LED_All_On                                        led.o
LED_Display                                       led.o
LED_Init                                          led.o
                                                  main.o
Main                                              main.o
                                                  crt0.o
SysTick_Check_Timeout                             systick.o
SysTick_Get_Load_Time                             systick.o
SysTick_Get_Time                                  systick.o
SysTick_Run                                       systick.o
SysTick_Stop                                      systick.o
TIM2_Delay                                        timer.o
TIM2_Motor_Out_Freq_Generation                    timer.o
                                                  main.o
TIM2_Motor_Out_Init                               timer.o
                                                  main.o
TIM2_Motor_Run                                    timer.o
                                                  main.o
TIM2_Stopwatch_Start                              timer.o
TIM2_Stopwatch_Stop                               timer.o
TIM3_Out_Freq_Generation                          timer.o
TIM3_Out_Init                                     timer.o
TIM3_Out_Stop                                     timer.o
TIM4_Change_Value                                 timer.o
TIM4_Check_Timeout                                timer.o
TIM4_Repeat                                       timer.o
TIM4_Stop                                         timer.o
Uart1_Get_Char                                    uart.o
Uart1_Get_Pressed                                 uart.o
                                                  main.o
Uart1_Init                                        uart.o
                                                  main.o
Uart1_Printf                                      uart.o
                                                  main.o
Uart1_Send_Byte                                   uart.o
Uart1_Send_String                                 uart.o
_Balloc                                           C:\CodeSourcery\Sourcery G++ Lite/arm-none-eabi/lib/thumb2\libc.a(lib_a-mprec.o)
                                                  C:\CodeSourcery\Sourcery G++ Lite/arm-none-eabi/lib/thumb2\libc.a(lib_a-dtoa.o)
_Bfree                                            C:\CodeSourcery\Sourcery G++ Lite/arm-none-eabi/lib/thumb2\libc.a(lib_a-mprec.o)
                                                  C:\CodeSourcery\Sourcery G++ Lite/arm-none-eabi/lib/thumb2\libc.a(lib_a-dtoa.o)
_PathLocale                                       C:\CodeSourcery\Sourcery G++ Lite/arm-none-eabi/lib/thumb2\libc.a(lib_a-locale.o)
__LDREXB                                          core_cm3.o
__LDREXH                                          core_cm3.o
__LDREXW                                          core_cm3.o
__RBIT                                            core_cm3.o
__REV                                             core_cm3.o
__REV16                                           core_cm3.o
__REVSH                                           core_cm3.o
__RO_LIMIT__                                      crt0.o
__RW_BASE__                                       crt0.o
__STREXB                                          core_cm3.o
__STREXH                                          core_cm3.o
__STREXW                                          core_cm3.o
__ZI_BASE__                                       crt0.o
__ZI_LIMIT__                                      crt0.o
                                                  runtime.o
__adddf3                                          C:\CodeSourcery\Sourcery G++ Lite/lib/gcc/arm-none-eabi/4.8.1/thumb2\libgcc.a(_arm_addsubdf3.o)
__addsf3                                          C:\CodeSourcery\Sourcery G++ Lite/lib/gcc/arm-none-eabi/4.8.1/thumb2\libgcc.a(_arm_addsubsf3.o)
__aeabi_cdcmpeq                                   C:\CodeSourcery\Sourcery G++ Lite/lib/gcc/arm-none-eabi/4.8.1/thumb2\libgcc.a(_arm_cmpdf2.o)
__aeabi_cdcmple                                   C:\CodeSourcery\Sourcery G++ Lite/lib/gcc/arm-none-eabi/4.8.1/thumb2\libgcc.a(_arm_cmpdf2.o)
__aeabi_cdrcmple                                  C:\CodeSourcery\Sourcery G++ Lite/lib/gcc/arm-none-eabi/4.8.1/thumb2\libgcc.a(_arm_cmpdf2.o)
__aeabi_d2f                                       C:\CodeSourcery\Sourcery G++ Lite/lib/gcc/arm-none-eabi/4.8.1/thumb2\libgcc.a(_arm_truncdfsf2.o)
                                                  main.o
__aeabi_d2iz                                      C:\CodeSourcery\Sourcery G++ Lite/lib/gcc/arm-none-eabi/4.8.1/thumb2\libgcc.a(_arm_fixdfsi.o)
                                                  C:\CodeSourcery\Sourcery G++ Lite/arm-none-eabi/lib/thumb2\libc.a(lib_a-dtoa.o)
                                                  uart.o
                                                  timer.o
__aeabi_d2uiz                                     C:\CodeSourcery\Sourcery G++ Lite/lib/gcc/arm-none-eabi/4.8.1/thumb2\libgcc.a(_arm_fixunsdfsi.o)
                                                  systick.o
__aeabi_dadd                                      C:\CodeSourcery\Sourcery G++ Lite/lib/gcc/arm-none-eabi/4.8.1/thumb2\libgcc.a(_arm_addsubdf3.o)
                                                  C:\CodeSourcery\Sourcery G++ Lite/arm-none-eabi/lib/thumb2\libc.a(lib_a-dtoa.o)
                                                  uart.o
                                                  timer.o
                                                  systick.o
                                                  main.o
__aeabi_dcmpeq                                    C:\CodeSourcery\Sourcery G++ Lite/lib/gcc/arm-none-eabi/4.8.1/thumb2\libgcc.a(_arm_cmpdf2.o)
                                                  C:\CodeSourcery\Sourcery G++ Lite/arm-none-eabi/lib/thumb2\libc.a(lib_a-dtoa.o)
                                                  C:\CodeSourcery\Sourcery G++ Lite/arm-none-eabi/lib/thumb2\libc.a(lib_a-svfprintf.o)
__aeabi_dcmpge                                    C:\CodeSourcery\Sourcery G++ Lite/lib/gcc/arm-none-eabi/4.8.1/thumb2\libgcc.a(_arm_cmpdf2.o)
                                                  C:\CodeSourcery\Sourcery G++ Lite/arm-none-eabi/lib/thumb2\libc.a(lib_a-dtoa.o)
__aeabi_dcmpgt                                    C:\CodeSourcery\Sourcery G++ Lite/lib/gcc/arm-none-eabi/4.8.1/thumb2\libgcc.a(_arm_cmpdf2.o)
                                                  C:\CodeSourcery\Sourcery G++ Lite/arm-none-eabi/lib/thumb2\libc.a(lib_a-dtoa.o)
__aeabi_dcmple                                    C:\CodeSourcery\Sourcery G++ Lite/lib/gcc/arm-none-eabi/4.8.1/thumb2\libgcc.a(_arm_cmpdf2.o)
__aeabi_dcmplt                                    C:\CodeSourcery\Sourcery G++ Lite/lib/gcc/arm-none-eabi/4.8.1/thumb2\libgcc.a(_arm_cmpdf2.o)
                                                  C:\CodeSourcery\Sourcery G++ Lite/arm-none-eabi/lib/thumb2\libc.a(lib_a-dtoa.o)
                                                  C:\CodeSourcery\Sourcery G++ Lite/arm-none-eabi/lib/thumb2\libc.a(lib_a-svfprintf.o)
__aeabi_ddiv                                      C:\CodeSourcery\Sourcery G++ Lite/lib/gcc/arm-none-eabi/4.8.1/thumb2\libgcc.a(_arm_muldivdf3.o)
                                                  C:\CodeSourcery\Sourcery G++ Lite/arm-none-eabi/lib/thumb2\libc.a(lib_a-mprec.o)
                                                  C:\CodeSourcery\Sourcery G++ Lite/arm-none-eabi/lib/thumb2\libc.a(lib_a-dtoa.o)
                                                  uart.o
                                                  timer.o
__aeabi_dmul                                      C:\CodeSourcery\Sourcery G++ Lite/lib/gcc/arm-none-eabi/4.8.1/thumb2\libgcc.a(_arm_muldivdf3.o)
                                                  C:\CodeSourcery\Sourcery G++ Lite/arm-none-eabi/lib/thumb2\libc.a(lib_a-mprec.o)
                                                  C:\CodeSourcery\Sourcery G++ Lite/arm-none-eabi/lib/thumb2\libc.a(lib_a-dtoa.o)
                                                  uart.o
                                                  systick.o
                                                  main.o
__aeabi_drsub                                     C:\CodeSourcery\Sourcery G++ Lite/lib/gcc/arm-none-eabi/4.8.1/thumb2\libgcc.a(_arm_addsubdf3.o)
__aeabi_dsub                                      C:\CodeSourcery\Sourcery G++ Lite/lib/gcc/arm-none-eabi/4.8.1/thumb2\libgcc.a(_arm_addsubdf3.o)
                                                  C:\CodeSourcery\Sourcery G++ Lite/arm-none-eabi/lib/thumb2\libc.a(lib_a-dtoa.o)
                                                  uart.o
__aeabi_f2d                                       C:\CodeSourcery\Sourcery G++ Lite/lib/gcc/arm-none-eabi/4.8.1/thumb2\libgcc.a(_arm_addsubdf3.o)
__aeabi_f2iz                                      C:\CodeSourcery\Sourcery G++ Lite/lib/gcc/arm-none-eabi/4.8.1/thumb2\libgcc.a(_arm_fixsfsi.o)
                                                  timer.o
__aeabi_fadd                                      C:\CodeSourcery\Sourcery G++ Lite/lib/gcc/arm-none-eabi/4.8.1/thumb2\libgcc.a(_arm_addsubsf3.o)
__aeabi_fdiv                                      C:\CodeSourcery\Sourcery G++ Lite/lib/gcc/arm-none-eabi/4.8.1/thumb2\libgcc.a(_arm_muldivsf3.o)
__aeabi_fmul                                      C:\CodeSourcery\Sourcery G++ Lite/lib/gcc/arm-none-eabi/4.8.1/thumb2\libgcc.a(_arm_muldivsf3.o)
                                                  timer.o
__aeabi_frsub                                     C:\CodeSourcery\Sourcery G++ Lite/lib/gcc/arm-none-eabi/4.8.1/thumb2\libgcc.a(_arm_addsubsf3.o)
__aeabi_fsub                                      C:\CodeSourcery\Sourcery G++ Lite/lib/gcc/arm-none-eabi/4.8.1/thumb2\libgcc.a(_arm_addsubsf3.o)
__aeabi_i2d                                       C:\CodeSourcery\Sourcery G++ Lite/lib/gcc/arm-none-eabi/4.8.1/thumb2\libgcc.a(_arm_addsubdf3.o)
                                                  C:\CodeSourcery\Sourcery G++ Lite/arm-none-eabi/lib/thumb2\libc.a(lib_a-dtoa.o)
                                                  uart.o
                                                  timer.o
                                                  main.o
__aeabi_i2f                                       C:\CodeSourcery\Sourcery G++ Lite/lib/gcc/arm-none-eabi/4.8.1/thumb2\libgcc.a(_arm_addsubsf3.o)
                                                  timer.o
__aeabi_idiv0                                     C:\CodeSourcery\Sourcery G++ Lite/lib/gcc/arm-none-eabi/4.8.1/thumb2\libgcc.a(_dvmd_tls.o)
                                                  C:\CodeSourcery\Sourcery G++ Lite/lib/gcc/arm-none-eabi/4.8.1/thumb2\libgcc.a(_udivsi3.o)
__aeabi_l2d                                       C:\CodeSourcery\Sourcery G++ Lite/lib/gcc/arm-none-eabi/4.8.1/thumb2\libgcc.a(_arm_addsubdf3.o)
__aeabi_l2f                                       C:\CodeSourcery\Sourcery G++ Lite/lib/gcc/arm-none-eabi/4.8.1/thumb2\libgcc.a(_arm_addsubsf3.o)
__aeabi_ldiv0                                     C:\CodeSourcery\Sourcery G++ Lite/lib/gcc/arm-none-eabi/4.8.1/thumb2\libgcc.a(_dvmd_tls.o)
                                                  C:\CodeSourcery\Sourcery G++ Lite/lib/gcc/arm-none-eabi/4.8.1/thumb2\libgcc.a(_aeabi_uldivmod.o)
__aeabi_ui2d                                      C:\CodeSourcery\Sourcery G++ Lite/lib/gcc/arm-none-eabi/4.8.1/thumb2\libgcc.a(_arm_addsubdf3.o)
                                                  C:\CodeSourcery\Sourcery G++ Lite/arm-none-eabi/lib/thumb2\libc.a(lib_a-dtoa.o)
                                                  uart.o
                                                  systick.o
__aeabi_ui2f                                      C:\CodeSourcery\Sourcery G++ Lite/lib/gcc/arm-none-eabi/4.8.1/thumb2\libgcc.a(_arm_addsubsf3.o)
__aeabi_uidiv                                     C:\CodeSourcery\Sourcery G++ Lite/lib/gcc/arm-none-eabi/4.8.1/thumb2\libgcc.a(_udivsi3.o)
                                                  C:\CodeSourcery\Sourcery G++ Lite/lib/gcc/arm-none-eabi/4.8.1/thumb2\libgcc.a(_udivdi3.o)
                                                  C:\CodeSourcery\Sourcery G++ Lite/lib/gcc/arm-none-eabi/4.8.1/thumb2\libgcc.a(_divdi3.o)
                                                  C:\CodeSourcery\Sourcery G++ Lite/arm-none-eabi/lib/thumb2\libc.a(lib_a-dtoa.o)
__aeabi_uidivmod                                  C:\CodeSourcery\Sourcery G++ Lite/lib/gcc/arm-none-eabi/4.8.1/thumb2\libgcc.a(_udivsi3.o)
                                                  C:\CodeSourcery\Sourcery G++ Lite/lib/gcc/arm-none-eabi/4.8.1/thumb2\libgcc.a(_udivdi3.o)
                                                  C:\CodeSourcery\Sourcery G++ Lite/lib/gcc/arm-none-eabi/4.8.1/thumb2\libgcc.a(_divdi3.o)
__aeabi_ul2d                                      C:\CodeSourcery\Sourcery G++ Lite/lib/gcc/arm-none-eabi/4.8.1/thumb2\libgcc.a(_arm_addsubdf3.o)
__aeabi_ul2f                                      C:\CodeSourcery\Sourcery G++ Lite/lib/gcc/arm-none-eabi/4.8.1/thumb2\libgcc.a(_arm_addsubsf3.o)
__aeabi_uldivmod                                  C:\CodeSourcery\Sourcery G++ Lite/lib/gcc/arm-none-eabi/4.8.1/thumb2\libgcc.a(_aeabi_uldivmod.o)
                                                  C:\CodeSourcery\Sourcery G++ Lite/arm-none-eabi/lib/thumb2\libc.a(lib_a-svfiprintf.o)
                                                  C:\CodeSourcery\Sourcery G++ Lite/arm-none-eabi/lib/thumb2\libc.a(lib_a-svfprintf.o)
__any_on                                          C:\CodeSourcery\Sourcery G++ Lite/arm-none-eabi/lib/thumb2\libc.a(lib_a-mprec.o)
__b2d                                             C:\CodeSourcery\Sourcery G++ Lite/arm-none-eabi/lib/thumb2\libc.a(lib_a-mprec.o)
__cmpdf2                                          C:\CodeSourcery\Sourcery G++ Lite/lib/gcc/arm-none-eabi/4.8.1/thumb2\libgcc.a(_arm_cmpdf2.o)
__copybits                                        C:\CodeSourcery\Sourcery G++ Lite/arm-none-eabi/lib/thumb2\libc.a(lib_a-mprec.o)
__d2b                                             C:\CodeSourcery\Sourcery G++ Lite/arm-none-eabi/lib/thumb2\libc.a(lib_a-mprec.o)
                                                  C:\CodeSourcery\Sourcery G++ Lite/arm-none-eabi/lib/thumb2\libc.a(lib_a-dtoa.o)
__divdf3                                          C:\CodeSourcery\Sourcery G++ Lite/lib/gcc/arm-none-eabi/4.8.1/thumb2\libgcc.a(_arm_muldivdf3.o)
__divdi3                                          C:\CodeSourcery\Sourcery G++ Lite/lib/gcc/arm-none-eabi/4.8.1/thumb2\libgcc.a(_divdi3.o)
                                                  C:\CodeSourcery\Sourcery G++ Lite/lib/gcc/arm-none-eabi/4.8.1/thumb2\libgcc.a(bpabi.o)
__divsf3                                          C:\CodeSourcery\Sourcery G++ Lite/lib/gcc/arm-none-eabi/4.8.1/thumb2\libgcc.a(_arm_muldivsf3.o)
__eqdf2                                           C:\CodeSourcery\Sourcery G++ Lite/lib/gcc/arm-none-eabi/4.8.1/thumb2\libgcc.a(_arm_cmpdf2.o)
__extendsfdf2                                     C:\CodeSourcery\Sourcery G++ Lite/lib/gcc/arm-none-eabi/4.8.1/thumb2\libgcc.a(_arm_addsubdf3.o)
__fixdfsi                                         C:\CodeSourcery\Sourcery G++ Lite/lib/gcc/arm-none-eabi/4.8.1/thumb2\libgcc.a(_arm_fixdfsi.o)
__fixsfsi                                         C:\CodeSourcery\Sourcery G++ Lite/lib/gcc/arm-none-eabi/4.8.1/thumb2\libgcc.a(_arm_fixsfsi.o)
__fixunsdfsi                                      C:\CodeSourcery\Sourcery G++ Lite/lib/gcc/arm-none-eabi/4.8.1/thumb2\libgcc.a(_arm_fixunsdfsi.o)
__floatdidf                                       C:\CodeSourcery\Sourcery G++ Lite/lib/gcc/arm-none-eabi/4.8.1/thumb2\libgcc.a(_arm_addsubdf3.o)
__floatdisf                                       C:\CodeSourcery\Sourcery G++ Lite/lib/gcc/arm-none-eabi/4.8.1/thumb2\libgcc.a(_arm_addsubsf3.o)
__floatsidf                                       C:\CodeSourcery\Sourcery G++ Lite/lib/gcc/arm-none-eabi/4.8.1/thumb2\libgcc.a(_arm_addsubdf3.o)
__floatsisf                                       C:\CodeSourcery\Sourcery G++ Lite/lib/gcc/arm-none-eabi/4.8.1/thumb2\libgcc.a(_arm_addsubsf3.o)
__floatundidf                                     C:\CodeSourcery\Sourcery G++ Lite/lib/gcc/arm-none-eabi/4.8.1/thumb2\libgcc.a(_arm_addsubdf3.o)
__floatundisf                                     C:\CodeSourcery\Sourcery G++ Lite/lib/gcc/arm-none-eabi/4.8.1/thumb2\libgcc.a(_arm_addsubsf3.o)
__floatunsidf                                     C:\CodeSourcery\Sourcery G++ Lite/lib/gcc/arm-none-eabi/4.8.1/thumb2\libgcc.a(_arm_addsubdf3.o)
__floatunsisf                                     C:\CodeSourcery\Sourcery G++ Lite/lib/gcc/arm-none-eabi/4.8.1/thumb2\libgcc.a(_arm_addsubsf3.o)
__fpclassifyd                                     C:\CodeSourcery\Sourcery G++ Lite/arm-none-eabi/lib/thumb2\libc.a(lib_a-s_fpclassify.o)
                                                  C:\CodeSourcery\Sourcery G++ Lite/arm-none-eabi/lib/thumb2\libc.a(lib_a-svfprintf.o)
__gedf2                                           C:\CodeSourcery\Sourcery G++ Lite/lib/gcc/arm-none-eabi/4.8.1/thumb2\libgcc.a(_arm_cmpdf2.o)
__get_BASEPRI                                     core_cm3.o
__get_CONTROL                                     core_cm3.o
__get_FAULTMASK                                   core_cm3.o
__get_MSP                                         core_cm3.o
__get_PRIMASK                                     core_cm3.o
__get_PSP                                         core_cm3.o
__gnu_ldivmod_helper                              C:\CodeSourcery\Sourcery G++ Lite/lib/gcc/arm-none-eabi/4.8.1/thumb2\libgcc.a(bpabi.o)
__gnu_uldivmod_helper                             C:\CodeSourcery\Sourcery G++ Lite/lib/gcc/arm-none-eabi/4.8.1/thumb2\libgcc.a(bpabi.o)
                                                  C:\CodeSourcery\Sourcery G++ Lite/lib/gcc/arm-none-eabi/4.8.1/thumb2\libgcc.a(_aeabi_uldivmod.o)
__gtdf2                                           C:\CodeSourcery\Sourcery G++ Lite/lib/gcc/arm-none-eabi/4.8.1/thumb2\libgcc.a(_arm_cmpdf2.o)
__hi0bits                                         C:\CodeSourcery\Sourcery G++ Lite/arm-none-eabi/lib/thumb2\libc.a(lib_a-mprec.o)
                                                  C:\CodeSourcery\Sourcery G++ Lite/arm-none-eabi/lib/thumb2\libc.a(lib_a-dtoa.o)
__i2b                                             C:\CodeSourcery\Sourcery G++ Lite/arm-none-eabi/lib/thumb2\libc.a(lib_a-mprec.o)
                                                  C:\CodeSourcery\Sourcery G++ Lite/arm-none-eabi/lib/thumb2\libc.a(lib_a-dtoa.o)
__ledf2                                           C:\CodeSourcery\Sourcery G++ Lite/lib/gcc/arm-none-eabi/4.8.1/thumb2\libgcc.a(_arm_cmpdf2.o)
__lo0bits                                         C:\CodeSourcery\Sourcery G++ Lite/arm-none-eabi/lib/thumb2\libc.a(lib_a-mprec.o)
__locale_charset                                  C:\CodeSourcery\Sourcery G++ Lite/arm-none-eabi/lib/thumb2\libc.a(lib_a-locale.o)
__locale_cjk_lang                                 C:\CodeSourcery\Sourcery G++ Lite/arm-none-eabi/lib/thumb2\libc.a(lib_a-locale.o)
__locale_mb_cur_max                               C:\CodeSourcery\Sourcery G++ Lite/arm-none-eabi/lib/thumb2\libc.a(lib_a-locale.o)
__locale_msgcharset                               C:\CodeSourcery\Sourcery G++ Lite/arm-none-eabi/lib/thumb2\libc.a(lib_a-locale.o)
__lshift                                          C:\CodeSourcery\Sourcery G++ Lite/arm-none-eabi/lib/thumb2\libc.a(lib_a-mprec.o)
                                                  C:\CodeSourcery\Sourcery G++ Lite/arm-none-eabi/lib/thumb2\libc.a(lib_a-dtoa.o)
__ltdf2                                           C:\CodeSourcery\Sourcery G++ Lite/lib/gcc/arm-none-eabi/4.8.1/thumb2\libgcc.a(_arm_cmpdf2.o)
__malloc_av_                                      C:\CodeSourcery\Sourcery G++ Lite/arm-none-eabi/lib/thumb2\libc.a(lib_a-mallocr.o)
                                                  C:\CodeSourcery\Sourcery G++ Lite/arm-none-eabi/lib/thumb2\libc.a(lib_a-reallocr.o)
                                                  C:\CodeSourcery\Sourcery G++ Lite/arm-none-eabi/lib/thumb2\libc.a(lib_a-freer.o)
__malloc_current_mallinfo                         C:\CodeSourcery\Sourcery G++ Lite/arm-none-eabi/lib/thumb2\libc.a(lib_a-mallocr.o)
                                                  C:\CodeSourcery\Sourcery G++ Lite/arm-none-eabi/lib/thumb2\libc.a(lib_a-freer.o)
__malloc_lock                                     C:\CodeSourcery\Sourcery G++ Lite/arm-none-eabi/lib/thumb2\libc.a(lib_a-mlock.o)
                                                  C:\CodeSourcery\Sourcery G++ Lite/arm-none-eabi/lib/thumb2\libc.a(lib_a-reallocr.o)
                                                  C:\CodeSourcery\Sourcery G++ Lite/arm-none-eabi/lib/thumb2\libc.a(lib_a-freer.o)
                                                  C:\CodeSourcery\Sourcery G++ Lite/arm-none-eabi/lib/thumb2\libc.a(lib_a-mallocr.o)
__malloc_max_sbrked_mem                           C:\CodeSourcery\Sourcery G++ Lite/arm-none-eabi/lib/thumb2\libc.a(lib_a-mallocr.o)
__malloc_max_total_mem                            C:\CodeSourcery\Sourcery G++ Lite/arm-none-eabi/lib/thumb2\libc.a(lib_a-mallocr.o)
__malloc_sbrk_base                                C:\CodeSourcery\Sourcery G++ Lite/arm-none-eabi/lib/thumb2\libc.a(lib_a-mallocr.o)
                                                  C:\CodeSourcery\Sourcery G++ Lite/arm-none-eabi/lib/thumb2\libc.a(lib_a-freer.o)
__malloc_top_pad                                  C:\CodeSourcery\Sourcery G++ Lite/arm-none-eabi/lib/thumb2\libc.a(lib_a-mallocr.o)
                                                  C:\CodeSourcery\Sourcery G++ Lite/arm-none-eabi/lib/thumb2\libc.a(lib_a-freer.o)
__malloc_trim_threshold                           C:\CodeSourcery\Sourcery G++ Lite/arm-none-eabi/lib/thumb2\libc.a(lib_a-mallocr.o)
                                                  C:\CodeSourcery\Sourcery G++ Lite/arm-none-eabi/lib/thumb2\libc.a(lib_a-freer.o)
__malloc_unlock                                   C:\CodeSourcery\Sourcery G++ Lite/arm-none-eabi/lib/thumb2\libc.a(lib_a-mlock.o)
                                                  C:\CodeSourcery\Sourcery G++ Lite/arm-none-eabi/lib/thumb2\libc.a(lib_a-reallocr.o)
                                                  C:\CodeSourcery\Sourcery G++ Lite/arm-none-eabi/lib/thumb2\libc.a(lib_a-freer.o)
                                                  C:\CodeSourcery\Sourcery G++ Lite/arm-none-eabi/lib/thumb2\libc.a(lib_a-mallocr.o)
__mb_cur_max                                      C:\CodeSourcery\Sourcery G++ Lite/arm-none-eabi/lib/thumb2\libc.a(lib_a-locale.o)
__mcmp                                            C:\CodeSourcery\Sourcery G++ Lite/arm-none-eabi/lib/thumb2\libc.a(lib_a-mprec.o)
                                                  C:\CodeSourcery\Sourcery G++ Lite/arm-none-eabi/lib/thumb2\libc.a(lib_a-dtoa.o)
__mdiff                                           C:\CodeSourcery\Sourcery G++ Lite/arm-none-eabi/lib/thumb2\libc.a(lib_a-mprec.o)
                                                  C:\CodeSourcery\Sourcery G++ Lite/arm-none-eabi/lib/thumb2\libc.a(lib_a-dtoa.o)
__mlocale_changed                                 C:\CodeSourcery\Sourcery G++ Lite/arm-none-eabi/lib/thumb2\libc.a(lib_a-locale.o)
__mprec_bigtens                                   C:\CodeSourcery\Sourcery G++ Lite/arm-none-eabi/lib/thumb2\libc.a(lib_a-mprec.o)
                                                  C:\CodeSourcery\Sourcery G++ Lite/arm-none-eabi/lib/thumb2\libc.a(lib_a-dtoa.o)
__mprec_tens                                      C:\CodeSourcery\Sourcery G++ Lite/arm-none-eabi/lib/thumb2\libc.a(lib_a-mprec.o)
                                                  C:\CodeSourcery\Sourcery G++ Lite/arm-none-eabi/lib/thumb2\libc.a(lib_a-dtoa.o)
__mprec_tinytens                                  C:\CodeSourcery\Sourcery G++ Lite/arm-none-eabi/lib/thumb2\libc.a(lib_a-mprec.o)
__muldf3                                          C:\CodeSourcery\Sourcery G++ Lite/lib/gcc/arm-none-eabi/4.8.1/thumb2\libgcc.a(_arm_muldivdf3.o)
__mulsf3                                          C:\CodeSourcery\Sourcery G++ Lite/lib/gcc/arm-none-eabi/4.8.1/thumb2\libgcc.a(_arm_muldivsf3.o)
__multadd                                         C:\CodeSourcery\Sourcery G++ Lite/arm-none-eabi/lib/thumb2\libc.a(lib_a-mprec.o)
                                                  C:\CodeSourcery\Sourcery G++ Lite/arm-none-eabi/lib/thumb2\libc.a(lib_a-dtoa.o)
__multiply                                        C:\CodeSourcery\Sourcery G++ Lite/arm-none-eabi/lib/thumb2\libc.a(lib_a-mprec.o)
                                                  C:\CodeSourcery\Sourcery G++ Lite/arm-none-eabi/lib/thumb2\libc.a(lib_a-dtoa.o)
__nedf2                                           C:\CodeSourcery\Sourcery G++ Lite/lib/gcc/arm-none-eabi/4.8.1/thumb2\libgcc.a(_arm_cmpdf2.o)
__nlocale_changed                                 C:\CodeSourcery\Sourcery G++ Lite/arm-none-eabi/lib/thumb2\libc.a(lib_a-locale.o)
__pow5mult                                        C:\CodeSourcery\Sourcery G++ Lite/arm-none-eabi/lib/thumb2\libc.a(lib_a-mprec.o)
                                                  C:\CodeSourcery\Sourcery G++ Lite/arm-none-eabi/lib/thumb2\libc.a(lib_a-dtoa.o)
__ratio                                           C:\CodeSourcery\Sourcery G++ Lite/arm-none-eabi/lib/thumb2\libc.a(lib_a-mprec.o)
__s2b                                             C:\CodeSourcery\Sourcery G++ Lite/arm-none-eabi/lib/thumb2\libc.a(lib_a-mprec.o)
__set_BASEPRI                                     core_cm3.o
__set_CONTROL                                     core_cm3.o
__set_FAULTMASK                                   core_cm3.o
__set_MSP                                         core_cm3.o
__set_PRIMASK                                     core_cm3.o
__set_PSP                                         core_cm3.o
__sf_fake_stderr                                  C:\CodeSourcery\Sourcery G++ Lite/arm-none-eabi/lib/thumb2\libc.a(lib_a-impure.o)
__sf_fake_stdin                                   C:\CodeSourcery\Sourcery G++ Lite/arm-none-eabi/lib/thumb2\libc.a(lib_a-impure.o)
__sf_fake_stdout                                  C:\CodeSourcery\Sourcery G++ Lite/arm-none-eabi/lib/thumb2\libc.a(lib_a-impure.o)
__ssprint_r                                       C:\CodeSourcery\Sourcery G++ Lite/arm-none-eabi/lib/thumb2\libc.a(lib_a-svfiprintf.o)
                                                  C:\CodeSourcery\Sourcery G++ Lite/arm-none-eabi/lib/thumb2\libc.a(lib_a-svfprintf.o)
__start                                           crt0.o
__subdf3                                          C:\CodeSourcery\Sourcery G++ Lite/lib/gcc/arm-none-eabi/4.8.1/thumb2\libgcc.a(_arm_addsubdf3.o)
__subsf3                                          C:\CodeSourcery\Sourcery G++ Lite/lib/gcc/arm-none-eabi/4.8.1/thumb2\libgcc.a(_arm_addsubsf3.o)
__truncdfsf2                                      C:\CodeSourcery\Sourcery G++ Lite/lib/gcc/arm-none-eabi/4.8.1/thumb2\libgcc.a(_arm_truncdfsf2.o)
__udivdi3                                         C:\CodeSourcery\Sourcery G++ Lite/lib/gcc/arm-none-eabi/4.8.1/thumb2\libgcc.a(_udivdi3.o)
                                                  C:\CodeSourcery\Sourcery G++ Lite/lib/gcc/arm-none-eabi/4.8.1/thumb2\libgcc.a(bpabi.o)
__udivsi3                                         C:\CodeSourcery\Sourcery G++ Lite/lib/gcc/arm-none-eabi/4.8.1/thumb2\libgcc.a(_udivsi3.o)
__ulp                                             C:\CodeSourcery\Sourcery G++ Lite/arm-none-eabi/lib/thumb2\libc.a(lib_a-mprec.o)
_calloc_r                                         C:\CodeSourcery\Sourcery G++ Lite/arm-none-eabi/lib/thumb2\libc.a(lib_a-callocr.o)
                                                  C:\CodeSourcery\Sourcery G++ Lite/arm-none-eabi/lib/thumb2\libc.a(lib_a-mprec.o)
_dtoa_r                                           C:\CodeSourcery\Sourcery G++ Lite/arm-none-eabi/lib/thumb2\libc.a(lib_a-dtoa.o)
                                                  C:\CodeSourcery\Sourcery G++ Lite/arm-none-eabi/lib/thumb2\libc.a(lib_a-svfprintf.o)
_free_r                                           C:\CodeSourcery\Sourcery G++ Lite/arm-none-eabi/lib/thumb2\libc.a(lib_a-freer.o)
                                                  C:\CodeSourcery\Sourcery G++ Lite/arm-none-eabi/lib/thumb2\libc.a(lib_a-reent.o)
                                                  C:\CodeSourcery\Sourcery G++ Lite/arm-none-eabi/lib/thumb2\libc.a(lib_a-reallocr.o)
                                                  C:\CodeSourcery\Sourcery G++ Lite/arm-none-eabi/lib/thumb2\libc.a(lib_a-svfiprintf.o)
                                                  C:\CodeSourcery\Sourcery G++ Lite/arm-none-eabi/lib/thumb2\libc.a(lib_a-mallocr.o)
                                                  C:\CodeSourcery\Sourcery G++ Lite/arm-none-eabi/lib/thumb2\libc.a(lib_a-malloc.o)
_global_impure_ptr                                C:\CodeSourcery\Sourcery G++ Lite/arm-none-eabi/lib/thumb2\libc.a(lib_a-impure.o)
_impure_ptr                                       C:\CodeSourcery\Sourcery G++ Lite/arm-none-eabi/lib/thumb2\libc.a(lib_a-impure.o)
                                                  C:\CodeSourcery\Sourcery G++ Lite/arm-none-eabi/lib/thumb2\libc.a(lib_a-reent.o)
                                                  C:\CodeSourcery\Sourcery G++ Lite/arm-none-eabi/lib/thumb2\libc.a(lib_a-malloc.o)
                                                  C:\CodeSourcery\Sourcery G++ Lite/arm-none-eabi/lib/thumb2\libc.a(lib_a-locale.o)
                                                  C:\CodeSourcery\Sourcery G++ Lite/arm-none-eabi/lib/thumb2\libc.a(lib_a-vsprintf.o)
_localeconv_r                                     C:\CodeSourcery\Sourcery G++ Lite/arm-none-eabi/lib/thumb2\libc.a(lib_a-locale.o)
                                                  C:\CodeSourcery\Sourcery G++ Lite/arm-none-eabi/lib/thumb2\libc.a(lib_a-svfprintf.o)
_malloc_r                                         C:\CodeSourcery\Sourcery G++ Lite/arm-none-eabi/lib/thumb2\libc.a(lib_a-mallocr.o)
                                                  C:\CodeSourcery\Sourcery G++ Lite/arm-none-eabi/lib/thumb2\libc.a(lib_a-reallocr.o)
                                                  C:\CodeSourcery\Sourcery G++ Lite/arm-none-eabi/lib/thumb2\libc.a(lib_a-callocr.o)
                                                  C:\CodeSourcery\Sourcery G++ Lite/arm-none-eabi/lib/thumb2\libc.a(lib_a-svfiprintf.o)
                                                  C:\CodeSourcery\Sourcery G++ Lite/arm-none-eabi/lib/thumb2\libc.a(lib_a-malloc.o)
                                                  C:\CodeSourcery\Sourcery G++ Lite/arm-none-eabi/lib/thumb2\libc.a(lib_a-svfprintf.o)
_malloc_trim_r                                    C:\CodeSourcery\Sourcery G++ Lite/arm-none-eabi/lib/thumb2\libc.a(lib_a-freer.o)
_mprec_log10                                      C:\CodeSourcery\Sourcery G++ Lite/arm-none-eabi/lib/thumb2\libc.a(lib_a-mprec.o)
_realloc_r                                        C:\CodeSourcery\Sourcery G++ Lite/arm-none-eabi/lib/thumb2\libc.a(lib_a-reallocr.o)
                                                  C:\CodeSourcery\Sourcery G++ Lite/arm-none-eabi/lib/thumb2\libc.a(lib_a-svfiprintf.o)
_reclaim_reent                                    C:\CodeSourcery\Sourcery G++ Lite/arm-none-eabi/lib/thumb2\libc.a(lib_a-reent.o)
_sbrk                                             runtime.o
                                                  C:\CodeSourcery\Sourcery G++ Lite/arm-none-eabi/lib/thumb2\libc.a(lib_a-sbrkr.o)
_sbrk_r                                           C:\CodeSourcery\Sourcery G++ Lite/arm-none-eabi/lib/thumb2\libc.a(lib_a-sbrkr.o)
                                                  C:\CodeSourcery\Sourcery G++ Lite/arm-none-eabi/lib/thumb2\libc.a(lib_a-freer.o)
                                                  C:\CodeSourcery\Sourcery G++ Lite/arm-none-eabi/lib/thumb2\libc.a(lib_a-mallocr.o)
_setlocale_r                                      C:\CodeSourcery\Sourcery G++ Lite/arm-none-eabi/lib/thumb2\libc.a(lib_a-locale.o)
_svfiprintf_r                                     C:\CodeSourcery\Sourcery G++ Lite/arm-none-eabi/lib/thumb2\libc.a(lib_a-svfiprintf.o)
_svfprintf_r                                      C:\CodeSourcery\Sourcery G++ Lite/arm-none-eabi/lib/thumb2\libc.a(lib_a-svfprintf.o)
                                                  C:\CodeSourcery\Sourcery G++ Lite/arm-none-eabi/lib/thumb2\libc.a(lib_a-vsprintf.o)
_vsprintf_r                                       C:\CodeSourcery\Sourcery G++ Lite/arm-none-eabi/lib/thumb2\libc.a(lib_a-vsprintf.o)
cleanup_glue                                      C:\CodeSourcery\Sourcery G++ Lite/arm-none-eabi/lib/thumb2\libc.a(lib_a-reent.o)
cmd_process                                       main.o
dir                                               main.o
errno                                             C:\CodeSourcery\Sourcery G++ Lite/arm-none-eabi/lib/thumb2\libc.a(lib_a-reent.o)
                                                  C:\CodeSourcery\Sourcery G++ Lite/arm-none-eabi/lib/thumb2\libc.a(lib_a-sbrkr.o)
free                                              C:\CodeSourcery\Sourcery G++ Lite/arm-none-eabi/lib/thumb2\libc.a(lib_a-malloc.o)
localeconv                                        C:\CodeSourcery\Sourcery G++ Lite/arm-none-eabi/lib/thumb2\libc.a(lib_a-locale.o)
malloc                                            C:\CodeSourcery\Sourcery G++ Lite/arm-none-eabi/lib/thumb2\libc.a(lib_a-malloc.o)
                                                  C:\CodeSourcery\Sourcery G++ Lite/arm-none-eabi/lib/thumb2\libc.a(lib_a-mprec.o)
                                                  C:\CodeSourcery\Sourcery G++ Lite/arm-none-eabi/lib/thumb2\libc.a(lib_a-dtoa.o)
memchr                                            C:\CodeSourcery\Sourcery G++ Lite/arm-none-eabi/lib/thumb2\libc.a(lib_a-memchr-stub.o)
                                                  C:\CodeSourcery\Sourcery G++ Lite/arm-none-eabi/lib/thumb2\libc.a(lib_a-svfiprintf.o)
                                                  C:\CodeSourcery\Sourcery G++ Lite/arm-none-eabi/lib/thumb2\libc.a(lib_a-svfprintf.o)
memcpy                                            C:\CodeSourcery\Sourcery G++ Lite/arm-none-eabi/lib/thumb2\libc.a(lib_a-memcpy-stub.o)
                                                  C:\CodeSourcery\Sourcery G++ Lite/arm-none-eabi/lib/thumb2\libc.a(lib_a-svfiprintf.o)
                                                  C:\CodeSourcery\Sourcery G++ Lite/arm-none-eabi/lib/thumb2\libc.a(lib_a-mprec.o)
                                                  C:\CodeSourcery\Sourcery G++ Lite/arm-none-eabi/lib/thumb2\libc.a(lib_a-dtoa.o)
memmove                                           C:\CodeSourcery\Sourcery G++ Lite/arm-none-eabi/lib/thumb2\libc.a(lib_a-memmove.o)
                                                  C:\CodeSourcery\Sourcery G++ Lite/arm-none-eabi/lib/thumb2\libc.a(lib_a-reallocr.o)
                                                  C:\CodeSourcery\Sourcery G++ Lite/arm-none-eabi/lib/thumb2\libc.a(lib_a-svfiprintf.o)
memset                                            C:\CodeSourcery\Sourcery G++ Lite/arm-none-eabi/lib/thumb2\libc.a(lib_a-memset.o)
                                                  C:\CodeSourcery\Sourcery G++ Lite/arm-none-eabi/lib/thumb2\libc.a(lib_a-callocr.o)
setlocale                                         C:\CodeSourcery\Sourcery G++ Lite/arm-none-eabi/lib/thumb2\libc.a(lib_a-locale.o)
speed                                             main.o
strcmp                                            C:\CodeSourcery\Sourcery G++ Lite/arm-none-eabi/lib/thumb2\libc.a(lib_a-strcmp.o)
                                                  C:\CodeSourcery\Sourcery G++ Lite/arm-none-eabi/lib/thumb2\libc.a(lib_a-locale.o)
strlen                                            C:\CodeSourcery\Sourcery G++ Lite/arm-none-eabi/lib/thumb2\libc.a(lib_a-strlen.o)
                                                  C:\CodeSourcery\Sourcery G++ Lite/arm-none-eabi/lib/thumb2\libc.a(lib_a-svfiprintf.o)
                                                  C:\CodeSourcery\Sourcery G++ Lite/arm-none-eabi/lib/thumb2\libc.a(lib_a-svfprintf.o)
vsprintf                                          C:\CodeSourcery\Sourcery G++ Lite/arm-none-eabi/lib/thumb2\libc.a(lib_a-vsprintf.o)
                                                  uart.o
